Component: ARM Compiler 5.06 update 7 (build 960) Tool: armlink [4d3601]

==============================================================================

Section Cross References

    startup_stm32f334x8.o(STACK) refers (Special) to heapauxi.o(.text) for __use_two_region_memory
    startup_stm32f334x8.o(HEAP) refers (Special) to heapauxi.o(.text) for __use_two_region_memory
    startup_stm32f334x8.o(RESET) refers (Special) to heapauxi.o(.text) for __use_two_region_memory
    startup_stm32f334x8.o(RESET) refers to startup_stm32f334x8.o(STACK) for __initial_sp
    startup_stm32f334x8.o(RESET) refers to startup_stm32f334x8.o(.text) for Reset_Handler
    startup_stm32f334x8.o(RESET) refers to stm32f3xx_it.o(i.NMI_Handler) for NMI_Handler
    startup_stm32f334x8.o(RESET) refers to stm32f3xx_it.o(i.HardFault_Handler) for HardFault_Handler
    startup_stm32f334x8.o(RESET) refers to stm32f3xx_it.o(i.MemManage_Handler) for MemManage_Handler
    startup_stm32f334x8.o(RESET) refers to stm32f3xx_it.o(i.BusFault_Handler) for BusFault_Handler
    startup_stm32f334x8.o(RESET) refers to stm32f3xx_it.o(i.UsageFault_Handler) for UsageFault_Handler
    startup_stm32f334x8.o(RESET) refers to stm32f3xx_it.o(i.SVC_Handler) for SVC_Handler
    startup_stm32f334x8.o(RESET) refers to stm32f3xx_it.o(i.DebugMon_Handler) for DebugMon_Handler
    startup_stm32f334x8.o(RESET) refers to stm32f3xx_it.o(i.PendSV_Handler) for PendSV_Handler
    startup_stm32f334x8.o(RESET) refers to stm32f3xx_it.o(i.SysTick_Handler) for SysTick_Handler
    startup_stm32f334x8.o(RESET) refers to stm32f3xx_it.o(i.CAN_RX0_IRQHandler) for CAN_RX0_IRQHandler
    startup_stm32f334x8.o(RESET) refers to stm32f3xx_it.o(i.TIM3_IRQHandler) for TIM3_IRQHandler
    startup_stm32f334x8.o(RESET) refers to stm32f3xx_it.o(i.TIM6_DAC1_IRQHandler) for TIM6_DAC1_IRQHandler
    startup_stm32f334x8.o(RESET) refers to stm32f3xx_it.o(i.TIM7_DAC2_IRQHandler) for TIM7_DAC2_IRQHandler
    startup_stm32f334x8.o(RESET) refers to stm32f3xx_it.o(i.HRTIM1_TIMA_IRQHandler) for HRTIM1_TIMA_IRQHandler
    startup_stm32f334x8.o(.text) refers (Special) to heapauxi.o(.text) for __use_two_region_memory
    startup_stm32f334x8.o(.text) refers to system_stm32f3xx.o(i.SystemInit) for SystemInit
    startup_stm32f334x8.o(.text) refers to __main.o(!!!main) for __main
    startup_stm32f334x8.o(.text) refers to startup_stm32f334x8.o(HEAP) for Heap_Mem
    startup_stm32f334x8.o(.text) refers to startup_stm32f334x8.o(STACK) for Stack_Mem
    main.o(i.HAL_TIM_PeriodElapsedCallback) refers to bsp_can.o(i.Send_Cap_Data) for Send_Cap_Data
    main.o(i.HAL_TIM_PeriodElapsedCallback) refers to bsp_adc.o(ccmram) for ADCSample
    main.o(i.HAL_TIM_PeriodElapsedCallback) refers to power_cal.o(i.Ctrloop) for Ctrloop
    main.o(i.HAL_TIM_PeriodElapsedCallback) refers to power_cal.o(i.LED_state_check) for LED_state_check
    main.o(i.HAL_TIM_PeriodElapsedCallback) refers to tim.o(.bss) for htim3
    main.o(i.HAL_TIM_PeriodElapsedCallback) refers to bsp_can.o(.data) for CAP_state
    main.o(i.HAL_TIM_PeriodElapsedCallback) refers to bsp_adc.o(.data) for V_OUT
    main.o(i.HAL_TIM_PeriodElapsedCallback) refers to can.o(.bss) for hcan
    main.o(i.SystemClock_Config) refers to rt_memclr_w.o(.text) for __aeabi_memclr4
    main.o(i.SystemClock_Config) refers to stm32f3xx_hal_rcc.o(i.HAL_RCC_OscConfig) for HAL_RCC_OscConfig
    main.o(i.SystemClock_Config) refers to main.o(i.Error_Handler) for Error_Handler
    main.o(i.SystemClock_Config) refers to stm32f3xx_hal_rcc.o(i.HAL_RCC_ClockConfig) for HAL_RCC_ClockConfig
    main.o(i.SystemClock_Config) refers to stm32f3xx_hal_rcc_ex.o(i.HAL_RCCEx_PeriphCLKConfig) for HAL_RCCEx_PeriphCLKConfig
    main.o(i.main) refers to stm32f3xx_hal.o(i.HAL_Init) for HAL_Init
    main.o(i.main) refers to main.o(i.SystemClock_Config) for SystemClock_Config
    main.o(i.main) refers to gpio.o(i.MX_GPIO_Init) for MX_GPIO_Init
    main.o(i.main) refers to dma.o(i.MX_DMA_Init) for MX_DMA_Init
    main.o(i.main) refers to hrtim.o(i.MX_HRTIM1_Init) for MX_HRTIM1_Init
    main.o(i.main) refers to adc.o(i.MX_ADC1_Init) for MX_ADC1_Init
    main.o(i.main) refers to adc.o(i.MX_ADC2_Init) for MX_ADC2_Init
    main.o(i.main) refers to tim.o(i.MX_TIM3_Init) for MX_TIM3_Init
    main.o(i.main) refers to can.o(i.MX_CAN_Init) for MX_CAN_Init
    main.o(i.main) refers to tim.o(i.MX_TIM7_Init) for MX_TIM7_Init
    main.o(i.main) refers to i2c.o(i.MX_I2C1_Init) for MX_I2C1_Init
    main.o(i.main) refers to tim.o(i.MX_TIM6_Init) for MX_TIM6_Init
    main.o(i.main) refers to stm32f3xx_hal_gpio.o(i.HAL_GPIO_WritePin) for HAL_GPIO_WritePin
    main.o(i.main) refers to oled.o(i.MX_OLED_Init) for MX_OLED_Init
    main.o(i.main) refers to bsp_can.o(i.CANFilter_Config) for CANFilter_Config
    main.o(i.main) refers to stm32f3xx_hal_can.o(i.HAL_CAN_Start) for HAL_CAN_Start
    main.o(i.main) refers to stm32f3xx_hal_can.o(i.HAL_CAN_ActivateNotification) for HAL_CAN_ActivateNotification
[...]
    i.HAL_RCC_ClockConfig                    0x08003658   Section        0  stm32f3xx_hal_rcc.o(i.HAL_RCC_ClockConfig)
    i.HAL_RCC_GetSysClockFreq                0x08003904   Section        0  stm32f3xx_hal_rcc.o(i.HAL_RCC_GetSysClockFreq)
    i.HAL_RCC_OscConfig                      0x0800398c   Section        0  stm32f3xx_hal_rcc.o(i.HAL_RCC_OscConfig)
    i.HAL_SYSTICK_Config                     0x080043b0   Section        0  stm32f3xx_hal_cortex.o(i.HAL_SYSTICK_Config)
    i.HAL_TIMEx_Break2Callback               0x080043e4   Section        0  stm32f3xx_hal_tim_ex.o(i.HAL_TIMEx_Break2Callback)
    i.HAL_TIMEx_BreakCallback                0x080043e6   Section        0  stm32f3xx_hal_tim_ex.o(i.HAL_TIMEx_BreakCallback)
    i.HAL_TIMEx_CommutCallback               0x080043e8   Section        0  stm32f3xx_hal_tim_ex.o(i.HAL_TIMEx_CommutCallback)
    i.HAL_TIMEx_MasterConfigSynchronization  0x080043ec   Section        0  stm32f3xx_hal_tim_ex.o(i.HAL_TIMEx_MasterConfigSynchronization)
    i.HAL_TIM_Base_Init                      0x08004480   Section        0  stm32f3xx_hal_tim.o(i.HAL_TIM_Base_Init)
    i.HAL_TIM_Base_MspInit                   0x080044f0   Section        0  tim.o(i.HAL_TIM_Base_MspInit)
    i.HAL_TIM_Base_Start_IT                  0x080045a8   Section        0  stm32f3xx_hal_tim.o(i.HAL_TIM_Base_Start_IT)
    i.HAL_TIM_ConfigClockSource              0x0800462c   Section        0  stm32f3xx_hal_tim.o(i.HAL_TIM_ConfigClockSource)
    i.HAL_TIM_IC_CaptureCallback             0x0800473c   Section        0  stm32f3xx_hal_tim.o(i.HAL_TIM_IC_CaptureCallback)
    i.HAL_TIM_IRQHandler                     0x0800473e   Section        0  stm32f3xx_hal_tim.o(i.HAL_TIM_IRQHandler)
    i.HAL_TIM_OC_DelayElapsedCallback        0x080048ca   Section        0  stm32f3xx_hal_tim.o(i.HAL_TIM_OC_DelayElapsedCallback)
    i.HAL_TIM_PWM_PulseFinishedCallback      0x080048cc   Section        0  stm32f3xx_hal_tim.o(i.HAL_TIM_PWM_PulseFinishedCallback)
    i.HAL_TIM_PeriodElapsedCallback          0x080048d0   Section        0  main.o(i.HAL_TIM_PeriodElapsedCallback)
    i.HAL_TIM_SlaveConfigSynchro             0x0800491c   Section        0  stm32f3xx_hal_tim.o(i.HAL_TIM_SlaveConfigSynchro)
    i.HAL_TIM_TriggerCallback                0x08004988   Section        0  stm32f3xx_hal_tim.o(i.HAL_TIM_TriggerCallback)
    i.HRTIM1_TIMA_IRQHandler                 0x0800498c   Section        0  stm32f3xx_it.o(i.HRTIM1_TIMA_IRQHandler)
    i.HRTIM_ForceRegistersUpdate             0x0800499c   Section        0  stm32f3xx_hal_hrtim.o(i.HRTIM_ForceRegistersUpdate)
    HRTIM_ForceRegistersUpdate               0x0800499d   Thumb Code   128  stm32f3xx_hal_hrtim.o(i.HRTIM_ForceRegistersUpdate)
    i.HRTIM_HRTIM_ISR                        0x08004a1c   Section        0  stm32f3xx_hal_hrtim.o(i.HRTIM_HRTIM_ISR)
    HRTIM_HRTIM_ISR                          0x08004a1d   Thumb Code   174  stm32f3xx_hal_hrtim.o(i.HRTIM_HRTIM_ISR)
    i.HRTIM_MasterBase_Config                0x08004aca   Section        0  stm32f3xx_hal_hrtim.o(i.HRTIM_MasterBase_Config)
    HRTIM_MasterBase_Config                  0x08004acb   Thumb Code    40  stm32f3xx_hal_hrtim.o(i.HRTIM_MasterBase_Config)
    i.HRTIM_MasterWaveform_Config            0x08004af2   Section        0  stm32f3xx_hal_hrtim.o(i.HRTIM_MasterWaveform_Config)
    HRTIM_MasterWaveform_Config              0x08004af3   Thumb Code    92  stm32f3xx_hal_hrtim.o(i.HRTIM_MasterWaveform_Config)
    i.HRTIM_Master_ISR                       0x08004b4e   Section        0  stm32f3xx_hal_hrtim.o(i.HRTIM_Master_ISR)
    HRTIM_Master_ISR                         0x08004b4f   Thumb Code   282  stm32f3xx_hal_hrtim.o(i.HRTIM_Master_ISR)
    i.HRTIM_OutputConfig                     0x08004c68   Section        0  stm32f3xx_hal_hrtim.o(i.HRTIM_OutputConfig)
    HRTIM_OutputConfig                       0x08004c69   Thumb Code   242  stm32f3xx_hal_hrtim.o(i.HRTIM_OutputConfig)
    i.HRTIM_Timer_ISR                        0x08004d5a   Section        0  stm32f3xx_hal_hrtim.o(i.HRTIM_Timer_ISR)
    HRTIM_Timer_ISR                          0x08004d5b   Thumb Code   494  stm32f3xx_hal_hrtim.o(i.HRTIM_Timer_ISR)
    i.HRTIM_TimingUnitBase_Config            0x08004f48   Section        0  stm32f3xx_hal_hrtim.o(i.HRTIM_TimingUnitBase_Config)
    HRTIM_TimingUnitBase_Config              0x08004f49   Thumb Code    64  stm32f3xx_hal_hrtim.o(i.HRTIM_TimingUnitBase_Config)
    i.HRTIM_TimingUnitWaveform_Config        0x08004f88   Section        0  stm32f3xx_hal_hrtim.o(i.HRTIM_TimingUnitWaveform_Config)
    HRTIM_TimingUnitWaveform_Config          0x08004f89   Thumb Code   482  stm32f3xx_hal_hrtim.o(i.HRTIM_TimingUnitWaveform_Config)
    i.HardFault_Handler                      0x0800516a   Section        0  stm32f3xx_it.o(i.HardFault_Handler)
    i.I2C_Flush_TXDR                         0x0800516e   Section        0  stm32f3xx_hal_i2c.o(i.I2C_Flush_TXDR)
    I2C_Flush_TXDR                           0x0800516f   Thumb Code    40  stm32f3xx_hal_i2c.o(i.I2C_Flush_TXDR)
    i.I2C_IsErrorOccurred                    0x08005198   Section        0  stm32f3xx_hal_i2c.o(i.I2C_IsErrorOccurred)
    I2C_IsErrorOccurred                      0x08005199   Thumb Code   300  stm32f3xx_hal_i2c.o(i.I2C_IsErrorOccurred)
    i.I2C_RequestMemoryWrite                 0x080052c8   Section        0  stm32f3xx_hal_i2c.o(i.I2C_RequestMemoryWrite)
    I2C_RequestMemoryWrite                   0x080052c9   Thumb Code   118  stm32f3xx_hal_i2c.o(i.I2C_RequestMemoryWrite)
    i.I2C_TransferConfig                     0x08005344   Section        0  stm32f3xx_hal_i2c.o(i.I2C_TransferConfig)
    I2C_TransferConfig                       0x08005345   Thumb Code    56  stm32f3xx_hal_i2c.o(i.I2C_TransferConfig)
    i.I2C_WaitOnFlagUntilTimeout             0x0800537c   Section        0  stm32f3xx_hal_i2c.o(i.I2C_WaitOnFlagUntilTimeout)
    I2C_WaitOnFlagUntilTimeout               0x0800537d   Thumb Code   130  stm32f3xx_hal_i2c.o(i.I2C_WaitOnFlagUntilTimeout)
    i.I2C_WaitOnSTOPFlagUntilTimeout         0x080053fe   Section        0  stm32f3xx_hal_i2c.o(i.I2C_WaitOnSTOPFlagUntilTimeout)
    I2C_WaitOnSTOPFlagUntilTimeout           0x080053ff   Thumb Code    96  stm32f3xx_hal_i2c.o(i.I2C_WaitOnSTOPFlagUntilTimeout)
    i.I2C_WaitOnTXISFlagUntilTimeout         0x0800545e   Section        0  stm32f3xx_hal_i2c.o(i.I2C_WaitOnTXISFlagUntilTimeout)
    I2C_WaitOnTXISFlagUntilTimeout           0x0800545f   Thumb Code   100  stm32f3xx_hal_i2c.o(i.I2C_WaitOnTXISFlagUntilTimeout)
    i.LED_state_check                        0x080054c4   Section        0  power_cal.o(i.LED_state_check)
    i.MX_ADC1_Init                           0x080055a0   Section        0  adc.o(i.MX_ADC1_Init)
    i.MX_ADC2_Init                           0x0800567c   Section        0  adc.o(i.MX_ADC2_Init)
    i.MX_CAN_Init                            0x08005718   Section        0  can.o(i.MX_CAN_Init)
    i.MX_DMA_Init                            0x0800575c   Section        0  dma.o(i.MX_DMA_Init)
    i.MX_GPIO_Init                           0x08005780   Section        0  gpio.o(i.MX_GPIO_Init)
    i.MX_HRTIM1_Init                         0x0800580c   Section        0  hrtim.o(i.MX_HRTIM1_Init)
    i.MX_I2C1_Init                           0x08005ae0   Section        0  i2c.o(i.MX_I2C1_Init)
    i.MX_OLED_Init                           0x08005b38   Section        0  oled.o(i.MX_OLED_Init)
    i.MX_TIM3_Init                           0x08005bd8   Section        0  tim.o(i.MX_TIM3_Init)
    i.MX_TIM6_Init                           0x08005c64   Section        0  tim.o(i.MX_TIM6_Init)
    i.MX_TIM7_Init                           0x08005cb4   Section        0  tim.o(i.MX_TIM7_Init)
    i.MemManage_Handler                      0x08005d00   Section        0  stm32f3xx_it.o(i.MemManage_Handler)
    i.NMI_Handler                            0x08005d04   Section        0  stm32f3xx_it.o(i.NMI_Handler)
    i.OLED_CLS                               0x08005d08   Section        0  oled.o(i.OLED_CLS)
    i.OLED_Fill                              0x08005d18   Section        0  oled.o(i.OLED_Fill)
    i.OLED_Init                              0x08005d52   Section        0  oled.o(i.OLED_Init)
    i.OLED_ON                                0x08005e0a   Section        0  oled.o(i.OLED_ON)
    i.OLED_SetPos                            0x08005e20   Section        0  oled.o(i.OLED_SetPos)
    i.OLED_ShowStr                           0x08005e48   Section        0  oled.o(i.OLED_ShowStr)
    i.PendSV_Handler                         0x08005f34   Section        0  stm32f3xx_it.o(i.PendSV_Handler)
    i.SVC_Handler                            0x08005f36   Section        0  stm32f3xx_it.o(i.SVC_Handler)
    i.Send_Cap_Data                          0x08005f38   Section        0  bsp_can.o(i.Send_Cap_Data)
    i.SysTick_Handler                        0x08005ff8   Section        0  stm32f3xx_it.o(i.SysTick_Handler)
    i.SystemClock_Config                     0x08006000   Section        0  main.o(i.SystemClock_Config)
    i.SystemInit                             0x08006090   Section        0  system_stm32f3xx.o(i.SystemInit)
    i.TIM3_IRQHandler                        0x080060a4   Section        0  stm32f3xx_it.o(i.TIM3_IRQHandler)
    i.TIM6_DAC1_IRQHandler                   0x080060b4   Section        0  stm32f3xx_it.o(i.TIM6_DAC1_IRQHandler)
    i.TIM7_DAC2_IRQHandler                   0x080060c4   Section        0  stm32f3xx_it.o(i.TIM7_DAC2_IRQHandler)
    i.TIM_Base_SetConfig                     0x080060d4   Section        0  stm32f3xx_hal_tim.o(i.TIM_Base_SetConfig)
    i.TIM_ETR_SetConfig                      0x08006178   Section        0  stm32f3xx_hal_tim.o(i.TIM_ETR_SetConfig)
    i.TIM_ITRx_SetConfig                     0x0800618e   Section        0  stm32f3xx_hal_tim.o(i.TIM_ITRx_SetConfig)
    TIM_ITRx_SetConfig                       0x0800618f   Thumb Code    18  stm32f3xx_hal_tim.o(i.TIM_ITRx_SetConfig)
    i.TIM_SlaveTimer_SetConfig               0x080061a0   Section        0  stm32f3xx_hal_tim.o(i.TIM_SlaveTimer_SetConfig)
    TIM_SlaveTimer_SetConfig                 0x080061a1   Thumb Code   178  stm32f3xx_hal_tim.o(i.TIM_SlaveTimer_SetConfig)
    i.TIM_TI1_ConfigInputStage               0x08006258   Section        0  stm32f3xx_hal_tim.o(i.TIM_TI1_ConfigInputStage)
    TIM_TI1_ConfigInputStage                 0x08006259   Thumb Code    38  stm32f3xx_hal_tim.o(i.TIM_TI1_ConfigInputStage)
    i.TIM_TI2_ConfigInputStage               0x0800627e   Section        0  stm32f3xx_hal_tim.o(i.TIM_TI2_ConfigInputStage)
    TIM_TI2_ConfigInputStage                 0x0800627f   Thumb Code    40  stm32f3xx_hal_tim.o(i.TIM_TI2_ConfigInputStage)
    i.UsageFault_Handler                     0x080062a6   Section        0  stm32f3xx_it.o(i.UsageFault_Handler)
    i.WriteCmd                               0x080062ac   Section        0  oled.o(i.WriteCmd)
    i.WriteDat                               0x080062d0   Section        0  oled.o(i.WriteDat)
    i.__NVIC_GetPriorityGrouping             0x080062f4   Section        0  stm32f3xx_hal_cortex.o(i.__NVIC_GetPriorityGrouping)
    __NVIC_GetPriorityGrouping               0x080062f5   Thumb Code    10  stm32f3xx_hal_cortex.o(i.__NVIC_GetPriorityGrouping)
    i.__NVIC_SetPriority                     0x08006304   Section        0  stm32f3xx_hal_cortex.o(i.__NVIC_SetPriority)
    __NVIC_SetPriority                       0x08006305   Thumb Code    32  stm32f3xx_hal_cortex.o(i.__NVIC_SetPriority)
    i.main                                   0x0800632c   Section        0  main.o(i.main)
    i.pid_calculate                          0x080064c8   Section        0  pid2.o(i.pid_calculate)
    i.pid_init                               0x0800660e   Section        0  pid2.o(i.pid_init)
    i.pid_reset                              0x0800662c   Section        0  pid2.o(i.pid_reset)
    x$fpl$fpinit                             0x0800665c   Section       10  fpinit.o(x$fpl$fpinit)
    $v0                                      0x0800665c   Number         0  fpinit.o(x$fpl$fpinit)
    .constdata                               0x08006666   Section       32  stm32f3xx_hal_rcc.o(.constdata)
    aPLLMULFactorTable                       0x08006666   Data          16  stm32f3xx_hal_rcc.o(.constdata)
    aPredivFactorTable                       0x08006676   Data          16  stm32f3xx_hal_rcc.o(.constdata)
    .constdata                               0x08006686   Section       24  system_stm32f3xx.o(.constdata)
    .constdata                               0x0800669e   Section     2072  oled.o(.constdata)
    .data                                    0x20000000   Section        8  main.o(.data)
    .data                                    0x20000008   Section        4  adc.o(.data)
    HAL_RCC_ADC12_CLK_ENABLED                0x20000008   Data           4  adc.o(.data)
    .data                                    0x2000000c   Section        9  stm32f3xx_hal.o(.data)
    .data                                    0x20000018   Section        4  system_stm32f3xx.o(.data)
    .data                                    0x2000001c   Section      108  bsp_adc.o(.data)
    sum_VIN                                  0x20000060   Data           4  bsp_adc.o(.data)
    sum_SHUNTIN                              0x20000064   Data           4  bsp_adc.o(.data)
    sum_VOUT                                 0x20000068   Data           4  bsp_adc.o(.data)
    sum_SHUNTOUT                             0x2000006c   Data           4  bsp_adc.o(.data)
    sum_SHUNTWHEEL                           0x20000070   Data           4  bsp_adc.o(.data)
    avg_VIN                                  0x20000074   Data           4  bsp_adc.o(.data)
    avg_SHUNTIN                              0x20000078   Data           4  bsp_adc.o(.data)
    avg_VOUT                                 0x2000007c   Data           4  bsp_adc.o(.data)
    avg_SHUNTOUT                             0x20000080   Data           4  bsp_adc.o(.data)
    avg_SHUNTWHEEL                           0x20000084   Data           4  bsp_adc.o(.data)
    .data                                    0x20000088   Section       64  power_cal.o(.data)
    .data                                    0x200000c8   Section       56  bsp_can.o(.data)
    CAN_Send_Data                            0x200000f4   Data           8  bsp_can.o(.data)
    Cap_Vol_send                             0x200000fc   Data           2  bsp_can.o(.data)
    Dipan_W                                  0x200000fe   Data           2  bsp_can.o(.data)
    .bss                                     0x20000100   Section      296  adc.o(.bss)
    .bss                                     0x20000228   Section       40  can.o(.bss)
    .bss                                     0x20000250   Section      220  hrtim.o(.bss)
    .bss                                     0x2000032c   Section       84  i2c.o(.bss)
    .bss                                     0x20000380   Section      228  tim.o(.bss)
    .bss                                     0x20000464   Section      240  power_cal.o(.bss)
    .bss                                     0x20000554   Section       88  bsp_can.o(.bss)
    TxMessage                                0x20000594   Data          24  bsp_can.o(.bss)
    .bss                                     0x200005ac   Section       96  libspace.o(.bss)
    HEAP                                     0x20000610   Section      512  startup_stm32f334x8.o(HEAP)
    Heap_Mem                                 0x20000610   Data         512  startup_stm32f334x8.o(HEAP)
    STACK                                    0x20000810   Section     1024  startup_stm32f334x8.o(STACK)
    Stack_Mem                                0x20000810   Data        1024  startup_stm32f334x8.o(STACK)
    __initial_sp                             0x20000c10   Data           0  startup_stm32f334x8.o(STACK)

    Global Symbols

    Symbol Name                              Value     Ov Type        Size  Object(Section)

    BuildAttributes$$THM_ISAv4$E$P$D$K$B$S$7EM$VFPi3$EXTD16$VFPS$VFMA$PE$A:L22UL41UL21$X:L11$S22US41US21$IEEE1$IW$USESV6$~STKCKD$USESV7$~SHL$OTIME$ROPI$IEEEJ$EBA8$UX$STANDARDLIB$REQ8$PRES8$EABIv2 0x00000000   Number         0  anon$$obj.o ABSOLUTE
    __ARM_use_no_argv                        0x00000000   Number         0  main.o ABSOLUTE
    __ARM_exceptions_init                     - Undefined Weak Reference
    __alloca_initialize                       - Undefined Weak Reference
    __arm_fini_                               - Undefined Weak Reference
    __arm_preinit_                            - Undefined Weak Reference
    __cpp_initialize__aeabi_                  - Undefined Weak Reference
    __cxa_finalize                            - Undefined Weak Reference
    __rt_locale                               - Undefined Weak Reference
    __sigvec_lookup                           - Undefined Weak Reference
    _atexit_init                              - Undefined Weak Reference
    _call_atexit_fns                          - Undefined Weak Reference
    _clock_init                               - Undefined Weak Reference
    _fp_trap_init                             - Undefined Weak Reference
    _fp_trap_shutdown                         - Undefined Weak Reference
    _get_lc_collate                           - Undefined Weak Reference
    _get_lc_ctype                             - Undefined Weak Reference
    _get_lc_monetary                          - Undefined Weak Reference
    _get_lc_numeric                           - Undefined Weak Reference
    _get_lc_time                              - Undefined Weak Reference
    _getenv_init                              - Undefined Weak Reference
    _handle_redirection                       - Undefined Weak Reference
    _init_alloc                               - Undefined Weak Reference
    _init_user_alloc                          - Undefined Weak Reference
    _initio                                   - Undefined Weak Reference
    _rand_init                                - Undefined Weak Reference
    _signal_finish                            - Undefined Weak Reference
    _signal_init                              - Undefined Weak Reference
    _terminate_alloc                          - Undefined Weak Reference
    _terminate_user_alloc                     - Undefined Weak Reference
    _terminateio                              - Undefined Weak Reference
    __Vectors_Size                           0x00000188   Number         0  startup_stm32f334x8.o ABSOLUTE
    __Vectors                                0x08000000   Data           4  startup_stm32f334x8.o(RESET)
    __Vectors_End                            0x08000188   Data           0  startup_stm32f334x8.o(RESET)
    __main                                   0x08000189   Thumb Code     8  __main.o(!!!main)
    __scatterload                            0x08000191   Thumb Code     0  __scatter.o(!!!scatter)
    __scatterload_rt2                        0x08000191   Thumb Code    44  __scatter.o(!!!scatter)
    __scatterload_rt2_thumb_only             0x08000191   Thumb Code     0  __scatter.o(!!!scatter)
    __scatterload_null                       0x0800019f   Thumb Code     0  __scatter.o(!!!scatter)
    __scatterload_copy                       0x080001c5   Thumb Code    26  __scatter_copy.o(!!handler_copy)
    __scatterload_zeroinit                   0x080001e1   Thumb Code    28  __scatter_zi.o(!!handler_zi)
    __rt_lib_init                            0x080001fd   Thumb Code     0  libinit.o(.ARM.Collect$$libinit$$00000000)
    __rt_lib_init_fp_1                       0x080001ff   Thumb Code     0  libinit2.o(.ARM.Collect$$libinit$$00000001)
    __rt_lib_init_alloca_1                   0x08000203   Thumb Code     0  libinit2.o(.ARM.Collect$$libinit$$0000002E)
    __rt_lib_init_argv_1                     0x08000203   Thumb Code     0  libinit2.o(.ARM.Collect$$libinit$$0000002C)
    __rt_lib_init_atexit_1                   0x08000203   Thumb Code     0  libinit2.o(.ARM.Collect$$libinit$$0000001B)
    __rt_lib_init_clock_1                    0x08000203   Thumb Code     0  libinit2.o(.ARM.Collect$$libinit$$00000021)
    __rt_lib_init_cpp_1                      0x08000203   Thumb Code     0  libinit2.o(.ARM.Collect$$libinit$$00000032)
    __rt_lib_init_exceptions_1               0x08000203   Thumb Code     0  libinit2.o(.ARM.Collect$$libinit$$00000030)
    __rt_lib_init_fp_trap_1                  0x08000203   Thumb Code     0  libinit2.o(.ARM.Collect$$libinit$$0000001F)
    __rt_lib_init_getenv_1                   0x08000203   Thumb Code     0  libinit2.o(.ARM.Collect$$libinit$$00000023)
    __rt_lib_init_heap_1                     0x08000203   Thumb Code     0  libinit2.o(.ARM.Collect$$libinit$$0000000A)
    __rt_lib_init_lc_collate_1               0x08000203   Thumb Code     0  libinit2.o(.ARM.Collect$$libinit$$00000011)
    __rt_lib_init_lc_ctype_1                 0x08000203   Thumb Code     0  libinit2.o(.ARM.Collect$$libinit$$00000013)
    __rt_lib_init_lc_monetary_1              0x08000203   Thumb Code     0  libinit2.o(.ARM.Collect$$libinit$$00000015)
    __rt_lib_init_lc_numeric_1               0x08000203   Thumb Code     0  libinit2.o(.ARM.Collect$$libinit$$00000017)
    __rt_lib_init_lc_time_1                  0x08000203   Thumb Code     0  libinit2.o(.ARM.Collect$$libinit$$00000019)
    __rt_lib_init_preinit_1                  0x08000203   Thumb Code     0  libinit2.o(.ARM.Collect$$libinit$$00000004)
    __rt_lib_init_rand_1                     0x08000203   Thumb Code     0  libinit2.o(.ARM.Collect$$libinit$$0000000E)
    __rt_lib_init_return                     0x08000203   Thumb Code     0  libinit2.o(.ARM.Collect$$libinit$$00000033)
    __rt_lib_init_signal_1                   0x08000203   Thumb Code     0  libinit2.o(.ARM.Collect$$libinit$$0000001D)
    __rt_lib_init_stdio_1                    0x08000203   Thumb Code     0  libinit2.o(.ARM.Collect$$libinit$$00000025)
    __rt_lib_init_user_alloc_1               0x08000203   Thumb Code     0  libinit2.o(.ARM.Collect$$libinit$$0000000C)
    __rt_lib_shutdown                        0x08000205   Thumb Code     0  libshutdown.o(.ARM.Collect$$libshutdown$$00000000)
    __rt_lib_shutdown_cpp_1                  0x08000207   Thumb Code     0  libshutdown2.o(.ARM.Collect$$libshutdown$$00000004)
    __rt_lib_shutdown_fini_1                 0x08000207   Thumb Code     0  libshutdown2.o(.ARM.Collect$$libshutdown$$00000002)
    __rt_lib_shutdown_fp_trap_1              0x08000207   Thumb Code     0  libshutdown2.o(.ARM.Collect$$libshutdown$$00000009)
    __rt_lib_shutdown_heap_1                 0x08000207   Thumb Code     0  libshutdown2.o(.ARM.Collect$$libshutdown$$00000011)
    __rt_lib_shutdown_return                 0x08000207   Thumb Code     0  libshutdown2.o(.ARM.Collect$$libshutdown$$00000012)
    __rt_lib_shutdown_signal_1               0x08000207   Thumb Code     0  libshutdown2.o(.ARM.Collect$$libshutdown$$0000000C)
    __rt_lib_shutdown_stdio_1                0x08000207   Thumb Code     0  libshutdown2.o(.ARM.Collect$$libshutdown$$00000006)
    __rt_lib_shutdown_user_alloc_1           0x08000207   Thumb Code     0  libshutdown2.o(.ARM.Collect$$libshutdown$$0000000E)
    __rt_entry                               0x08000209   Thumb Code     0  __rtentry.o(.ARM.Collect$$rtentry$$00000000)
    __rt_entry_presh_1                       0x08000209   Thumb Code     0  __rtentry2.o(.ARM.Collect$$rtentry$$00000002)
    __rt_entry_sh                            0x08000209   Thumb Code     0  __rtentry4.o(.ARM.Collect$$rtentry$$00000004)
    __rt_entry_li                            0x0800020f   Thumb Code     0  __rtentry2.o(.ARM.Collect$$rtentry$$0000000A)
    __rt_entry_postsh_1                      0x0800020f   Thumb Code     0  __rtentry2.o(.ARM.Collect$$rtentry$$00000009)
    __rt_entry_main                          0x08000213   Thumb Code     0  __rtentry2.o(.ARM.Collect$$rtentry$$0000000D)
    __rt_entry_postli_1                      0x08000213   Thumb Code     0  __rtentry2.o(.ARM.Collect$$rtentry$$0000000C)
    __rt_exit                                0x0800021b   Thumb Code     0  rtexit.o(.ARM.Collect$$rtexit$$00000000)
    __rt_exit_ls                             0x0800021d   Thumb Code     0  rtexit2.o(.ARM.Collect$$rtexit$$00000003)
    __rt_exit_prels_1                        0x0800021d   Thumb Code     0  rtexit2.o(.ARM.Collect$$rtexit$$00000002)
    __rt_exit_exit                           0x08000221   Thumb Code     0  rtexit2.o(.ARM.Collect$$rtexit$$00000004)
    Reset_Handler                            0x08000229   Thumb Code     8  startup_stm32f334x8.o(.text)
    ADC1_2_IRQHandler                        0x08000243   Thumb Code     0  startup_stm32f334x8.o(.text)
    CAN_RX1_IRQHandler                       0x08000243   Thumb Code     0  startup_stm32f334x8.o(.text)
    CAN_SCE_IRQHandler                       0x08000243   Thumb Code     0  startup_stm32f334x8.o(.text)
    CAN_TX_IRQHandler                        0x08000243   Thumb Code     0  startup_stm32f334x8.o(.text)
    COMP2_IRQHandler                         0x08000243   Thumb Code     0  startup_stm32f334x8.o(.text)
    COMP4_6_IRQHandler                       0x08000243   Thumb Code     0  startup_stm32f334x8.o(.text)
    DMA1_Channel1_IRQHandler                 0x08000243   Thumb Code     0  startup_stm32f334x8.o(.text)
    DMA1_Channel2_IRQHandler                 0x08000243   Thumb Code     0  startup_stm32f334x8.o(.text)
    DMA1_Channel3_IRQHandler                 0x08000243   Thumb Code     0  startup_stm32f334x8.o(.text)
    DMA1_Channel4_IRQHandler                 0x08000243   Thumb Code     0  startup_stm32f334x8.o(.text)
    DMA1_Channel5_IRQHandler                 0x08000243   Thumb Code     0  startup_stm32f334x8.o(.text)
    DMA1_Channel6_IRQHandler                 0x08000243   Thumb Code     0  startup_stm32f334x8.o(.text)
    DMA1_Channel7_IRQHandler                 0x08000243   Thumb Code     0  startup_stm32f334x8.o(.text)
    EXTI0_IRQHandler                         0x08000243   Thumb Code     0  startup_stm32f334x8.o(.text)
    EXTI15_10_IRQHandler                     0x08000243   Thumb Code     0  startup_stm32f334x8.o(.text)
    EXTI1_IRQHandler                         0x08000243   Thumb Code     0  startup_stm32f334x8.o(.text)
    EXTI2_TSC_IRQHandler                     0x08000243   Thumb Code     0  startup_stm32f334x8.o(.text)
    EXTI3_IRQHandler                         0x08000243   Thumb Code     0  startup_stm32f334x8.o(.text)
    EXTI4_IRQHandler                         0x08000243   Thumb Code     0  startup_stm32f334x8.o(.text)
    EXTI9_5_IRQHandler                       0x08000243   Thumb Code     0  startup_stm32f334x8.o(.text)
    FLASH_IRQHandler                         0x08000243   Thumb Code     0  startup_stm32f334x8.o(.text)
    FPU_IRQHandler                           0x08000243   Thumb Code     0  startup_stm32f334x8.o(.text)
    HRTIM1_FLT_IRQHandler                    0x08000243   Thumb Code     0  startup_stm32f334x8.o(.text)
    HRTIM1_Master_IRQHandler                 0x08000243   Thumb Code     0  startup_stm32f334x8.o(.text)
    HRTIM1_TIMB_IRQHandler                   0x08000243   Thumb Code     0  startup_stm32f334x8.o(.text)
    HRTIM1_TIMC_IRQHandler                   0x08000243   Thumb Code     0  startup_stm32f334x8.o(.text)
    HRTIM1_TIMD_IRQHandler                   0x08000243   Thumb Code     0  startup_stm32f334x8.o(.text)
    HRTIM1_TIME_IRQHandler                   0x08000243   Thumb Code     0  startup_stm32f334x8.o(.text)
    I2C1_ER_IRQHandler                       0x08000243   Thumb Code     0  startup_stm32f334x8.o(.text)
    I2C1_EV_IRQHandler                       0x08000243   Thumb Code     0  startup_stm32f334x8.o(.text)
    PVD_IRQHandler                           0x08000243   Thumb Code     0  startup_stm32f334x8.o(.text)
    RCC_IRQHandler                           0x08000243   Thumb Code     0  startup_stm32f334x8.o(.text)
    RTC_Alarm_IRQHandler                     0x08000243   Thumb Code     0  startup_stm32f334x8.o(.text)
    RTC_WKUP_IRQHandler                      0x08000243   Thumb Code     0  startup_stm32f334x8.o(.text)
    SPI1_IRQHandler                          0x08000243   Thumb Code     0  startup_stm32f334x8.o(.text)
    TAMP_STAMP_IRQHandler                    0x08000243   Thumb Code     0  startup_stm32f334x8.o(.text)
    TIM1_BRK_TIM15_IRQHandler                0x08000243   Thumb Code     0  startup_stm32f334x8.o(.text)
    TIM1_CC_IRQHandler                       0x08000243   Thumb Code     0  startup_stm32f334x8.o(.text)
    TIM1_TRG_COM_TIM17_IRQHandler            0x08000243   Thumb Code     0  startup_stm32f334x8.o(.text)
    TIM1_UP_TIM16_IRQHandler                 0x08000243   Thumb Code     0  startup_stm32f334x8.o(.text)
    TIM2_IRQHandler                          0x08000243   Thumb Code     0  startup_stm32f334x8.o(.text)
    USART1_IRQHandler                        0x08000243   Thumb Code     0  startup_stm32f334x8.o(.text)
    USART2_IRQHandler                        0x08000243   Thumb Code     0  startup_stm32f334x8.o(.text)
    USART3_IRQHandler                        0x08000243   Thumb Code     0  startup_stm32f334x8.o(.text)
    WWDG_IRQHandler                          0x08000243   Thumb Code     0  startup_stm32f334x8.o(.text)
    __user_initial_stackheap                 0x08000245   Thumb Code     0  startup_stm32f334x8.o(.text)
    __aeabi_uldivmod                         0x08000269   Thumb Code     0  lludivv7m.o(.text)
    _ll_udiv                                 0x08000269   Thumb Code   238  lludivv7m.o(.text)
    __aeabi_memclr4                          0x08000357   Thumb Code     0  rt_memclr_w.o(.text)
    __aeabi_memclr8                          0x08000357   Thumb Code     0  rt_memclr_w.o(.text)
    __rt_memclr_w                            0x08000357   Thumb Code    78  rt_memclr_w.o(.text)
    _memset_w                                0x0800035b   Thumb Code     0  rt_memclr_w.o(.text)
    __use_two_region_memory                  0x080003a5   Thumb Code     2  heapauxi.o(.text)
    __rt_heap_escrow$2region                 0x080003a7   Thumb Code     2  heapauxi.o(.text)
    __rt_heap_expand$2region                 0x080003a9   Thumb Code     2  heapauxi.o(.text)
    __user_setup_stackheap                   0x080003ab   Thumb Code    74  sys_stackheap_outer.o(.text)
    exit                                     0x080003f5   Thumb Code    18  exit.o(.text)
    __user_libspace                          0x08000409   Thumb Code     8  libspace.o(.text)
    __user_perproc_libspace                  0x08000409   Thumb Code     0  libspace.o(.text)
    __user_perthread_libspace                0x08000409   Thumb Code     0  libspace.o(.text)
    _sys_exit                                0x08000411   Thumb Code     8  sys_exit.o(.text)
    __I$use$semihosting                      0x0800041d   Thumb Code     0  use_no_semi.o(.text)
    __use_no_semihosting_swi                 0x0800041d   Thumb Code     2  use_no_semi.o(.text)
    __semihosting_library_function           0x0800041f   Thumb Code     0  indicate_semi.o(.text)
    ADCSample                                0x08000421   Thumb Code   690  bsp_adc.o(ccmram)
    BusFault_Handler                         0x080008f9   Thumb Code     4  stm32f3xx_it.o(i.BusFault_Handler)
    CAL_INIT                                 0x080008fd   Thumb Code   172  power_cal.o(i.CAL_INIT)
    CANFilter_Config                         0x080009dd   Thumb Code    42  bsp_can.o(i.CANFilter_Config)
    CAN_RX0_IRQHandler                       0x08000a0d   Thumb Code    10  stm32f3xx_it.o(i.CAN_RX0_IRQHandler)
    Ctrloop                                  0x08000a1d   Thumb Code  1318  power_cal.o(i.Ctrloop)
    DebugMon_Handler                         0x08000fad   Thumb Code     2  stm32f3xx_it.o(i.DebugMon_Handler)
    Error_Handler                            0x08000faf   Thumb Code     6  main.o(i.Error_Handler)
    HAL_ADCEx_MultiModeConfigChannel         0x08000fb5   Thumb Code   306  stm32f3xx_hal_adc_ex.o(i.HAL_ADCEx_MultiModeConfigChannel)
    HAL_ADC_ConfigChannel                    0x080010f1   Thumb Code  1032  stm32f3xx_hal_adc_ex.o(i.HAL_ADC_ConfigChannel)
    HAL_ADC_ConvCpltCallback                 0x0800150d   Thumb Code     2  stm32f3xx_hal_adc.o(i.HAL_ADC_ConvCpltCallback)
    HAL_ADC_ConvHalfCpltCallback             0x0800150f   Thumb Code     2  stm32f3xx_hal_adc.o(i.HAL_ADC_ConvHalfCpltCallback)
    HAL_ADC_ErrorCallback                    0x08001511   Thumb Code     2  stm32f3xx_hal_adc.o(i.HAL_ADC_ErrorCallback)
    HAL_ADC_Init                             0x08001515   Thumb Code   576  stm32f3xx_hal_adc_ex.o(i.HAL_ADC_Init)
    HAL_ADC_MspInit                          0x08001769   Thumb Code   340  adc.o(i.HAL_ADC_MspInit)
    HAL_ADC_Start_DMA                        0x080018d5   Thumb Code   338  stm32f3xx_hal_adc_ex.o(i.HAL_ADC_Start_DMA)
    HAL_CAN_ActivateNotification             0x08001a3d   Thumb Code    42  stm32f3xx_hal_can.o(i.HAL_CAN_ActivateNotification)
    HAL_CAN_AddTxMessage                     0x08001a67   Thumb Code   330  stm32f3xx_hal_can.o(i.HAL_CAN_AddTxMessage)
    HAL_CAN_ConfigFilter                     0x08001bb1   Thumb Code   266  stm32f3xx_hal_can.o(i.HAL_CAN_ConfigFilter)
    HAL_CAN_ErrorCallback                    0x08001cbb   Thumb Code     2  stm32f3xx_hal_can.o(i.HAL_CAN_ErrorCallback)
    HAL_CAN_GetRxMessage                     0x08001cbd   Thumb Code   404  stm32f3xx_hal_can.o(i.HAL_CAN_GetRxMessage)
    HAL_CAN_IRQHandler                       0x08001e51   Thumb Code   590  stm32f3xx_hal_can.o(i.HAL_CAN_IRQHandler)
    HAL_CAN_Init                             0x0800209f   Thumb Code   372  stm32f3xx_hal_can.o(i.HAL_CAN_Init)
    HAL_CAN_MspInit                          0x08002215   Thumb Code   126  can.o(i.HAL_CAN_MspInit)
    HAL_CAN_RxFifo0FullCallback              0x080022a1   Thumb Code     2  stm32f3xx_hal_can.o(i.HAL_CAN_RxFifo0FullCallback)
    HAL_CAN_RxFifo0MsgPendingCallback        0x080022a5   Thumb Code    82  bsp_can.o(i.HAL_CAN_RxFifo0MsgPendingCallback)
    HAL_CAN_RxFifo1FullCallback              0x08002311   Thumb Code     2  stm32f3xx_hal_can.o(i.HAL_CAN_RxFifo1FullCallback)
    HAL_CAN_RxFifo1MsgPendingCallback        0x08002313   Thumb Code     2  stm32f3xx_hal_can.o(i.HAL_CAN_RxFifo1MsgPendingCallback)
    HAL_CAN_SleepCallback                    0x08002315   Thumb Code     2  stm32f3xx_hal_can.o(i.HAL_CAN_SleepCallback)
    HAL_CAN_Start                            0x08002317   Thumb Code    94  stm32f3xx_hal_can.o(i.HAL_CAN_Start)
    HAL_CAN_TxMailbox0AbortCallback          0x08002375   Thumb Code     2  stm32f3xx_hal_can.o(i.HAL_CAN_TxMailbox0AbortCallback)
    HAL_CAN_TxMailbox0CompleteCallback       0x08002377   Thumb Code     2  stm32f3xx_hal_can.o(i.HAL_CAN_TxMailbox0CompleteCallback)
    HAL_CAN_TxMailbox1AbortCallback          0x08002379   Thumb Code     2  stm32f3xx_hal_can.o(i.HAL_CAN_TxMailbox1AbortCallback)
    HAL_CAN_TxMailbox1CompleteCallback       0x0800237b   Thumb Code     2  stm32f3xx_hal_can.o(i.HAL_CAN_TxMailbox1CompleteCallback)
    HAL_CAN_TxMailbox2AbortCallback          0x0800237d   Thumb Code     2  stm32f3xx_hal_can.o(i.HAL_CAN_TxMailbox2AbortCallback)
    HAL_CAN_TxMailbox2CompleteCallback       0x0800237f   Thumb Code     2  stm32f3xx_hal_can.o(i.HAL_CAN_TxMailbox2CompleteCallback)
    HAL_CAN_WakeUpFromRxMsgCallback          0x08002381   Thumb Code     2  stm32f3xx_hal_can.o(i.HAL_CAN_WakeUpFromRxMsgCallback)
    HAL_DMA_Init                             0x08002383   Thumb Code    86  stm32f3xx_hal_dma.o(i.HAL_DMA_Init)
    HAL_DMA_Start_IT                         0x080023d9   Thumb Code   156  stm32f3xx_hal_dma.o(i.HAL_DMA_Start_IT)
    HAL_Delay                                0x08002475   Thumb Code    36  stm32f3xx_hal.o(i.HAL_Delay)
    HAL_GPIO_Init                            0x0800249d   Thumb Code   408  stm32f3xx_hal_gpio.o(i.HAL_GPIO_Init)
    HAL_GPIO_TogglePin                       0x0800264d   Thumb Code    20  stm32f3xx_hal_gpio.o(i.HAL_GPIO_TogglePin)
    HAL_GPIO_WritePin                        0x08002661   Thumb Code    10  stm32f3xx_hal_gpio.o(i.HAL_GPIO_WritePin)
    HAL_GetTick                              0x0800266d   Thumb Code     6  stm32f3xx_hal.o(i.HAL_GetTick)
    HAL_HRTIM_ADCTriggerConfig               0x08002679   Thumb Code   226  stm32f3xx_hal_hrtim.o(i.HAL_HRTIM_ADCTriggerConfig)
    HAL_HRTIM_BurstModePeriodCallback        0x0800275b   Thumb Code     2  stm32f3xx_hal_hrtim.o(i.HAL_HRTIM_BurstModePeriodCallback)
    HAL_HRTIM_Capture1EventCallback          0x0800275d   Thumb Code     2  stm32f3xx_hal_hrtim.o(i.HAL_HRTIM_Capture1EventCallback)
    HAL_HRTIM_Capture2EventCallback          0x0800275f   Thumb Code     2  stm32f3xx_hal_hrtim.o(i.HAL_HRTIM_Capture2EventCallback)
    HAL_HRTIM_Compare1EventCallback          0x08002761   Thumb Code     2  stm32f3xx_hal_hrtim.o(i.HAL_HRTIM_Compare1EventCallback)
    HAL_HRTIM_Compare2EventCallback          0x08002763   Thumb Code     2  stm32f3xx_hal_hrtim.o(i.HAL_HRTIM_Compare2EventCallback)
    HAL_HRTIM_Compare3EventCallback          0x08002765   Thumb Code     2  stm32f3xx_hal_hrtim.o(i.HAL_HRTIM_Compare3EventCallback)
    HAL_HRTIM_Compare4EventCallback          0x08002767   Thumb Code     2  stm32f3xx_hal_hrtim.o(i.HAL_HRTIM_Compare4EventCallback)
    HAL_HRTIM_CounterResetCallback           0x08002769   Thumb Code     2  stm32f3xx_hal_hrtim.o(i.HAL_HRTIM_CounterResetCallback)
    HAL_HRTIM_DLLCalibrationReadyCallback    0x0800276b   Thumb Code     2  stm32f3xx_hal_hrtim.o(i.HAL_HRTIM_DLLCalibrationReadyCallback)
    HAL_HRTIM_DLLCalibrationStart            0x0800276d   Thumb Code   128  stm32f3xx_hal_hrtim.o(i.HAL_HRTIM_DLLCalibrationStart)
    HAL_HRTIM_DeadTimeConfig                 0x080027ed   Thumb Code   162  stm32f3xx_hal_hrtim.o(i.HAL_HRTIM_DeadTimeConfig)
    HAL_HRTIM_DelayedProtectionCallback      0x08002899   Thumb Code     2  stm32f3xx_hal_hrtim.o(i.HAL_HRTIM_DelayedProtectionCallback)
    HAL_HRTIM_Fault1Callback                 0x0800289b   Thumb Code     2  stm32f3xx_hal_hrtim.o(i.HAL_HRTIM_Fault1Callback)
    HAL_HRTIM_Fault2Callback                 0x0800289d   Thumb Code     2  stm32f3xx_hal_hrtim.o(i.HAL_HRTIM_Fault2Callback)
    HAL_HRTIM_Fault3Callback                 0x0800289f   Thumb Code     2  stm32f3xx_hal_hrtim.o(i.HAL_HRTIM_Fault3Callback)
    HAL_HRTIM_Fault4Callback                 0x080028a1   Thumb Code     2  stm32f3xx_hal_hrtim.o(i.HAL_HRTIM_Fault4Callback)
    HAL_HRTIM_Fault5Callback                 0x080028a3   Thumb Code     2  stm32f3xx_hal_hrtim.o(i.HAL_HRTIM_Fault5Callback)
    HAL_HRTIM_IRQHandler                     0x080028a5   Thumb Code    40  stm32f3xx_hal_hrtim.o(i.HAL_HRTIM_IRQHandler)
    HAL_HRTIM_Init                           0x080028cd   Thumb Code   256  stm32f3xx_hal_hrtim.o(i.HAL_HRTIM_Init)
    HAL_HRTIM_MspInit                        0x080029d5   Thumb Code    58  hrtim.o(i.HAL_HRTIM_MspInit)
    HAL_HRTIM_MspPostInit                    0x08002a19   Thumb Code    86  hrtim.o(i.HAL_HRTIM_MspPostInit)
    HAL_HRTIM_Output1ResetCallback           0x08002a79   Thumb Code     2  stm32f3xx_hal_hrtim.o(i.HAL_HRTIM_Output1ResetCallback)
    HAL_HRTIM_Output1SetCallback             0x08002a7b   Thumb Code     2  stm32f3xx_hal_hrtim.o(i.HAL_HRTIM_Output1SetCallback)
    HAL_HRTIM_Output2ResetCallback           0x08002a7d   Thumb Code     2  stm32f3xx_hal_hrtim.o(i.HAL_HRTIM_Output2ResetCallback)
    HAL_HRTIM_Output2SetCallback             0x08002a7f   Thumb Code     2  stm32f3xx_hal_hrtim.o(i.HAL_HRTIM_Output2SetCallback)
    HAL_HRTIM_PollForDLLCalibration          0x08002a81   Thumb Code    74  stm32f3xx_hal_hrtim.o(i.HAL_HRTIM_PollForDLLCalibration)
    HAL_HRTIM_RegistersUpdateCallback        0x08002acb   Thumb Code     2  stm32f3xx_hal_hrtim.o(i.HAL_HRTIM_RegistersUpdateCallback)
    HAL_HRTIM_RepetitionEventCallback        0x08002acd   Thumb Code     2  stm32f3xx_hal_hrtim.o(i.HAL_HRTIM_RepetitionEventCallback)
    HAL_HRTIM_SynchronizationEventCallback   0x08002acf   Thumb Code     2  stm32f3xx_hal_hrtim.o(i.HAL_HRTIM_SynchronizationEventCallback)
    HAL_HRTIM_SystemFaultCallback            0x08002ad1   Thumb Code     2  stm32f3xx_hal_hrtim.o(i.HAL_HRTIM_SystemFaultCallback)
    HAL_HRTIM_TimeBaseConfig                 0x08002ad3   Thumb Code    58  stm32f3xx_hal_hrtim.o(i.HAL_HRTIM_TimeBaseConfig)
    HAL_HRTIM_WaveformCompareConfig          0x08002b0d   Thumb Code   504  stm32f3xx_hal_hrtim.o(i.HAL_HRTIM_WaveformCompareConfig)
    HAL_HRTIM_WaveformCountStart             0x08002d05   Thumb Code    60  stm32f3xx_hal_hrtim.o(i.HAL_HRTIM_WaveformCountStart)
    HAL_HRTIM_WaveformOutputConfig           0x08002d41   Thumb Code    84  stm32f3xx_hal_hrtim.o(i.HAL_HRTIM_WaveformOutputConfig)
    HAL_HRTIM_WaveformOutputStart            0x08002d95   Thumb Code    64  stm32f3xx_hal_hrtim.o(i.HAL_HRTIM_WaveformOutputStart)
    HAL_HRTIM_WaveformOutputStop             0x08002dd5   Thumb Code    64  stm32f3xx_hal_hrtim.o(i.HAL_HRTIM_WaveformOutputStop)
    HAL_HRTIM_WaveformTimerConfig            0x08002e15   Thumb Code   178  stm32f3xx_hal_hrtim.o(i.HAL_HRTIM_WaveformTimerConfig)
    HAL_I2CEx_ConfigAnalogFilter             0x08002ec7   Thumb Code   106  stm32f3xx_hal_i2c_ex.o(i.HAL_I2CEx_ConfigAnalogFilter)
    HAL_I2CEx_ConfigDigitalFilter            0x08002f31   Thumb Code   104  stm32f3xx_hal_i2c_ex.o(i.HAL_I2CEx_ConfigDigitalFilter)
    HAL_I2C_Init                             0x08002f99   Thumb Code   212  stm32f3xx_hal_i2c.o(i.HAL_I2C_Init)
    HAL_I2C_Mem_Write                        0x08003071   Thumb Code   402  stm32f3xx_hal_i2c.o(i.HAL_I2C_Mem_Write)
    HAL_I2C_MspInit                          0x08003209   Thumb Code   168  i2c.o(i.HAL_I2C_MspInit)
    HAL_IncTick                              0x080032bd   Thumb Code    16  stm32f3xx_hal.o(i.HAL_IncTick)
    HAL_Init                                 0x080032d5   Thumb Code    34  stm32f3xx_hal.o(i.HAL_Init)
    HAL_InitTick                             0x080032fd   Thumb Code    64  stm32f3xx_hal.o(i.HAL_InitTick)
    HAL_MspInit                              0x08003349   Thumb Code    58  stm32f3xx_hal_msp.o(i.HAL_MspInit)
    HAL_NVIC_EnableIRQ                       0x08003389   Thumb Code    32  stm32f3xx_hal_cortex.o(i.HAL_NVIC_EnableIRQ)
    HAL_NVIC_SetPriority                     0x080033a9   Thumb Code   124  stm32f3xx_hal_cortex.o(i.HAL_NVIC_SetPriority)
    HAL_NVIC_SetPriorityGrouping             0x08003425   Thumb Code    32  stm32f3xx_hal_cortex.o(i.HAL_NVIC_SetPriorityGrouping)
    HAL_RCCEx_PeriphCLKConfig                0x0800344d   Thumb Code   512  stm32f3xx_hal_rcc_ex.o(i.HAL_RCCEx_PeriphCLKConfig)
    HAL_RCC_ClockConfig                      0x08003659   Thumb Code   664  stm32f3xx_hal_rcc.o(i.HAL_RCC_ClockConfig)
    HAL_RCC_GetSysClockFreq                  0x08003905   Thumb Code   110  stm32f3xx_hal_rcc.o(i.HAL_RCC_GetSysClockFreq)
    HAL_RCC_OscConfig                        0x0800398d   Thumb Code  2586  stm32f3xx_hal_rcc.o(i.HAL_RCC_OscConfig)
    HAL_SYSTICK_Config                       0x080043b1   Thumb Code    52  stm32f3xx_hal_cortex.o(i.HAL_SYSTICK_Config)
    HAL_TIMEx_Break2Callback                 0x080043e5   Thumb Code     2  stm32f3xx_hal_tim_ex.o(i.HAL_TIMEx_Break2Callback)
    HAL_TIMEx_BreakCallback                  0x080043e7   Thumb Code     2  stm32f3xx_hal_tim_ex.o(i.HAL_TIMEx_BreakCallback)
    HAL_TIMEx_CommutCallback                 0x080043e9   Thumb Code     2  stm32f3xx_hal_tim_ex.o(i.HAL_TIMEx_CommutCallback)
    HAL_TIMEx_MasterConfigSynchronization    0x080043ed   Thumb Code   134  stm32f3xx_hal_tim_ex.o(i.HAL_TIMEx_MasterConfigSynchronization)
    HAL_TIM_Base_Init                        0x08004481   Thumb Code   110  stm32f3xx_hal_tim.o(i.HAL_TIM_Base_Init)
    HAL_TIM_Base_MspInit                     0x080044f1   Thumb Code   166  tim.o(i.HAL_TIM_Base_MspInit)
    HAL_TIM_Base_Start_IT                    0x080045a9   Thumb Code   114  stm32f3xx_hal_tim.o(i.HAL_TIM_Base_Start_IT)
    HAL_TIM_ConfigClockSource                0x0800462d   Thumb Code   268  stm32f3xx_hal_tim.o(i.HAL_TIM_ConfigClockSource)
    HAL_TIM_IC_CaptureCallback               0x0800473d   Thumb Code     2  stm32f3xx_hal_tim.o(i.HAL_TIM_IC_CaptureCallback)
    HAL_TIM_IRQHandler                       0x0800473f   Thumb Code   396  stm32f3xx_hal_tim.o(i.HAL_TIM_IRQHandler)
    HAL_TIM_OC_DelayElapsedCallback          0x080048cb   Thumb Code     2  stm32f3xx_hal_tim.o(i.HAL_TIM_OC_DelayElapsedCallback)
    HAL_TIM_PWM_PulseFinishedCallback        0x080048cd   Thumb Code     2  stm32f3xx_hal_tim.o(i.HAL_TIM_PWM_PulseFinishedCallback)
    HAL_TIM_PeriodElapsedCallback            0x080048d1   Thumb Code    50  main.o(i.HAL_TIM_PeriodElapsedCallback)
    HAL_TIM_SlaveConfigSynchro               0x0800491d   Thumb Code   108  stm32f3xx_hal_tim.o(i.HAL_TIM_SlaveConfigSynchro)
    HAL_TIM_TriggerCallback                  0x08004989   Thumb Code     2  stm32f3xx_hal_tim.o(i.HAL_TIM_TriggerCallback)
    HRTIM1_TIMA_IRQHandler                   0x0800498d   Thumb Code    12  stm32f3xx_it.o(i.HRTIM1_TIMA_IRQHandler)
    HardFault_Handler                        0x0800516b   Thumb Code     4  stm32f3xx_it.o(i.HardFault_Handler)
    LED_state_check                          0x080054c5   Thumb Code   202  power_cal.o(i.LED_state_check)
    MX_ADC1_Init                             0x080055a1   Thumb Code   214  adc.o(i.MX_ADC1_Init)
    MX_ADC2_Init                             0x0800567d   Thumb Code   146  adc.o(i.MX_ADC2_Init)
    MX_CAN_Init                              0x08005719   Thumb Code    58  can.o(i.MX_CAN_Init)
    MX_DMA_Init                              0x0800575d   Thumb Code    32  dma.o(i.MX_DMA_Init)
    MX_GPIO_Init                             0x08005781   Thumb Code   132  gpio.o(i.MX_GPIO_Init)
    MX_HRTIM1_Init                           0x0800580d   Thumb Code   714  hrtim.o(i.MX_HRTIM1_Init)
    MX_I2C1_Init                             0x08005ae1   Thumb Code    74  i2c.o(i.MX_I2C1_Init)
    MX_OLED_Init                             0x08005b39   Thumb Code   112  oled.o(i.MX_OLED_Init)
    MX_TIM3_Init                             0x08005bd9   Thumb Code   132  tim.o(i.MX_TIM3_Init)
    MX_TIM6_Init                             0x08005c65   Thumb Code    70  tim.o(i.MX_TIM6_Init)
    MX_TIM7_Init                             0x08005cb5   Thumb Code    66  tim.o(i.MX_TIM7_Init)
    MemManage_Handler                        0x08005d01   Thumb Code     4  stm32f3xx_it.o(i.MemManage_Handler)
    NMI_Handler                              0x08005d05   Thumb Code     4  stm32f3xx_it.o(i.NMI_Handler)
    OLED_CLS                                 0x08005d09   Thumb Code    16  oled.o(i.OLED_CLS)
    OLED_Fill                                0x08005d19   Thumb Code    58  oled.o(i.OLED_Fill)
    OLED_Init                                0x08005d53   Thumb Code   184  oled.o(i.OLED_Init)
    OLED_ON                                  0x08005e0b   Thumb Code    22  oled.o(i.OLED_ON)
    OLED_SetPos                              0x08005e21   Thumb Code    40  oled.o(i.OLED_SetPos)
    OLED_ShowStr                             0x08005e49   Thumb Code   228  oled.o(i.OLED_ShowStr)
    PendSV_Handler                           0x08005f35   Thumb Code     2  stm32f3xx_it.o(i.PendSV_Handler)
    SVC_Handler                              0x08005f37   Thumb Code     2  stm32f3xx_it.o(i.SVC_Handler)
    Send_Cap_Data                            0x08005f39   Thumb Code   156  bsp_can.o(i.Send_Cap_Data)
    SysTick_Handler                          0x08005ff9   Thumb Code     8  stm32f3xx_it.o(i.SysTick_Handler)
    SystemClock_Config                       0x08006001   Thumb Code   142  main.o(i.SystemClock_Config)
    SystemInit                               0x08006091   Thumb Code    14  system_stm32f3xx.o(i.SystemInit)
    TIM3_IRQHandler                          0x080060a5   Thumb Code    10  stm32f3xx_it.o(i.TIM3_IRQHandler)
    TIM6_DAC1_IRQHandler                     0x080060b5   Thumb Code    10  stm32f3xx_it.o(i.TIM6_DAC1_IRQHandler)
    TIM7_DAC2_IRQHandler                     0x080060c5   Thumb Code    10  stm32f3xx_it.o(i.TIM7_DAC2_IRQHandler)
    TIM_Base_SetConfig                       0x080060d5   Thumb Code   144  stm32f3xx_hal_tim.o(i.TIM_Base_SetConfig)
    TIM_ETR_SetConfig                        0x08006179   Thumb Code    22  stm32f3xx_hal_tim.o(i.TIM_ETR_SetConfig)
    UsageFault_Handler                       0x080062a7   Thumb Code     4  stm32f3xx_it.o(i.UsageFault_Handler)
    WriteCmd                                 0x080062ad   Thumb Code    32  oled.o(i.WriteCmd)
    WriteDat                                 0x080062d1   Thumb Code    32  oled.o(i.WriteDat)
    main                                     0x0800632d   Thumb Code   346  main.o(i.main)
    pid_calculate                            0x080064c9   Thumb Code   326  pid2.o(i.pid_calculate)
    pid_init                                 0x0800660f   Thumb Code    28  pid2.o(i.pid_init)
    pid_reset                                0x0800662d   Thumb Code    44  pid2.o(i.pid_reset)
    _fp_init                                 0x0800665d   Thumb Code    10  fpinit.o(x$fpl$fpinit)
    __fplib_config_fpu_vfp                   0x08006665   Thumb Code     0  fpinit.o(x$fpl$fpinit)
    __fplib_config_pureend_doubles           0x08006665   Thumb Code     0  fpinit.o(x$fpl$fpinit)
    AHBPrescTable                            0x08006686   Data          16  system_stm32f3xx.o(.constdata)
    APBPrescTable                            0x08006696   Data           8  system_stm32f3xx.o(.constdata)
    F6x8                                     0x0800669e   Data         552  oled.o(.constdata)
    F8X16                                    0x080068c6   Data        1520  oled.o(.constdata)
    Region$$Table$$Base                      0x08006eb8   Number         0  anon$$obj.o(Region$$Table)
    Region$$Table$$Limit                     0x08006ed8   Number         0  anon$$obj.o(Region$$Table)
    reset_flag                               0x20000000   Data           4  main.o(.data)
    OLEDShowCnt                              0x20000004   Data           4  main.o(.data)
    uwTick                                   0x2000000c   Data           4  stm32f3xx_hal.o(.data)
    uwTickPrio                               0x20000010   Data           4  stm32f3xx_hal.o(.data)
    uwTickFreq                               0x20000014   Data           1  stm32f3xx_hal.o(.data)
    SystemCoreClock                          0x20000018   Data           4  system_stm32f3xx.o(.data)
    ADC1_RESULT                              0x2000001c   Data           8  bsp_adc.o(.data)
    ADC2_RESULT                              0x20000024   Data           4  bsp_adc.o(.data)
    V_IN                                     0x20000028   Data           4  bsp_adc.o(.data)
    SHUNT_IN                                 0x2000002c   Data           4  bsp_adc.o(.data)
    I_IN                                     0x20000030   Data           4  bsp_adc.o(.data)
    V_OUT                                    0x20000034   Data           4  bsp_adc.o(.data)
    SHUNT_OUT                                0x20000038   Data           4  bsp_adc.o(.data)
    I_OUT                                    0x2000003c   Data           4  bsp_adc.o(.data)
    SHUNT_WHEEL                              0x20000040   Data           4  bsp_adc.o(.data)
    I_WHEEL                                  0x20000044   Data           4  bsp_adc.o(.data)
    V_OUT_REAL                               0x20000048   Data           4  bsp_adc.o(.data)
    V_IN_REAL                                0x2000004c   Data           4  bsp_adc.o(.data)
    POWER_IN                                 0x20000050   Data           4  bsp_adc.o(.data)
    POWER_OUT                                0x20000054   Data           4  bsp_adc.o(.data)
    POWER_WHEEL                              0x20000058   Data           4  bsp_adc.o(.data)
    watch                                    0x2000005c   Data           4  bsp_adc.o(.data)
    CompareValue                             0x20000088   Data           4  power_cal.o(.data)
    cap_percent                              0x2000008c   Data           4  power_cal.o(.data)
    cap_voltage                              0x20000090   Data           4  power_cal.o(.data)
    cap_current                              0x20000094   Data           4  power_cal.o(.data)
    bat_voltage                              0x20000098   Data           4  power_cal.o(.data)
    bat_current                              0x2000009c   Data           4  power_cal.o(.data)
    isPWD                                    0x200000a0   Data           1  power_cal.o(.data)
    isCAP_START                              0x200000a1   Data           1  power_cal.o(.data)
    PWUcnt                                   0x200000a2   Data           2  power_cal.o(.data)
    kf                                       0x200000a4   Data           4  power_cal.o(.data)
    power_limit                              0x200000a8   Data           4  power_cal.o(.data)
    power_ref                                0x200000ac   Data           4  power_cal.o(.data)
    duty                                     0x200000b0   Data           4  power_cal.o(.data)
    buck_duty                                0x200000b4   Data           4  power_cal.o(.data)
    boost_duty                               0x200000b8   Data           4  power_cal.o(.data)
    default_power_limit                      0x200000bc   Data           4  power_cal.o(.data)
    charge_state                             0x200000c0   Data           4  power_cal.o(.data)
    can_state_cnt                            0x200000c4   Data           4  power_cal.o(.data)
    data                                     0x200000c8   Data           8  bsp_can.o(.data)
    CAP_recieve                              0x200000d0   Data           8  bsp_can.o(.data)
    power_limit_recieve                      0x200000d8   Data           2  bsp_can.o(.data)
    power_buffer_recieve                     0x200000da   Data           2  bsp_can.o(.data)
    CAP_manage_Cmd                           0x200000dc   Data           1  bsp_can.o(.data)
    CAP_state                                0x200000dd   Data           1  bsp_can.o(.data)
    v1                                       0x200000e0   Data           4  bsp_can.o(.data)
    v2                                       0x200000e4   Data           4  bsp_can.o(.data)
    tx_data                                  0x200000e8   Data           8  bsp_can.o(.data)
    what                                     0x200000f0   Data           1  bsp_can.o(.data)
    what2                                    0x200000f1   Data           1  bsp_can.o(.data)
    change                                   0x200000f2   Data           2  bsp_can.o(.data)
    hadc1                                    0x20000100   Data          80  adc.o(.bss)
    hadc2                                    0x20000150   Data          80  adc.o(.bss)
    hdma_adc1                                0x200001a0   Data          68  adc.o(.bss)
    hdma_adc2                                0x200001e4   Data          68  adc.o(.bss)
    hcan                                     0x20000228   Data          40  can.o(.bss)
    hhrtim1                                  0x20000250   Data         220  hrtim.o(.bss)
    hi2c1                                    0x2000032c   Data          84  i2c.o(.bss)
    htim3                                    0x20000380   Data          76  tim.o(.bss)
    htim6                                    0x200003cc   Data          76  tim.o(.bss)
    htim7                                    0x20000418   Data          76  tim.o(.bss)
    cap_vol_h                                0x20000464   Data          60  power_cal.o(.bss)
    cap_vol_l                                0x200004a0   Data          60  power_cal.o(.bss)
    inp_power                                0x200004dc   Data          60  power_cal.o(.bss)
    cap_cur                                  0x20000518   Data          60  power_cal.o(.bss)
    RxMessage                                0x20000554   Data          28  bsp_can.o(.bss)
    TxMessage0                               0x20000570   Data          24  bsp_can.o(.bss)
    motor_yaw_info                           0x20000588   Data          12  bsp_can.o(.bss)
    __libspace_start                         0x200005ac   Data          96  libspace.o(.bss)
    __temporary_stack_top$libspace           0x2000060c   Data           0  libspace.o(.bss)



==============================================================================

Memory Map of the image

  Image Entry point : 0x08000189

  Load Region LR_IROM1 (Base: 0x08000000, Size: 0x00006fd8, Max: 0x00010000, ABSOLUTE)

    Execution Region ER_IROM1 (Exec base: 0x08000000, Load base: 0x08000000, Size: 0x00006ed8, Max: 0x00010000, ABSOLUTE)

    Exec Addr    Load Addr    Size         Type   Attr      Idx    E Section Name        Object

    0x08000000   0x08000000   0x00000188   Data   RO            3    RESET               startup_stm32f334x8.o
    0x08000188   0x08000188   0x00000008   Code   RO         4965  * !!!main             c_w.l(__main.o)
    0x08000190   0x08000190   0x00000034   Code   RO         5151    !!!scatter          c_w.l(__scatter.o)
    0x080001c4   0x080001c4   0x0000001a   Code   RO         5153    !!handler_copy      c_w.l(__scatter_copy.o)
    0x080001de   0x080001de   0x00000002   PAD
    0x080001e0   0x080001e0   0x0000001c   Code   RO         5155    !!handler_zi        c_w.l(__scatter_zi.o)
    0x080001fc   0x080001fc   0x00000002   Code   RO         5019    .ARM.Collect$$libinit$$00000000  c_w.l(libinit.o)
    0x080001fe   0x080001fe   0x00000004   Code   RO         5031    .ARM.Collect$$libinit$$00000001  c_w.l(libinit2.o)
    0x08000202   0x08000202   0x00000000   Code   RO         5034    .ARM.Collect$$libinit$$00000004  c_w.l(libinit2.o)
    0x08000202   0x08000202   0x00000000   Code   RO         5037    .ARM.Collect$$libinit$$0000000A  c_w.l(libinit2.o)
    0x08000202   0x08000202   0x00000000   Code   RO         5039    .ARM.Collect$$libinit$$0000000C  c_w.l(libinit2.o)
    0x08000202   0x08000202   0x00000000   Code   RO         5041    .ARM.Collect$$libinit$$0000000E  c_w.l(libinit2.o)
    0x08000202   0x08000202   0x00000000   Code   RO         5044    .ARM.Collect$$libinit$$00000011  c_w.l(libinit2.o)
    0x08000202   0x08000202   0x00000000   Code   RO         5046    .ARM.Collect$$libinit$$00000013  c_w.l(libinit2.o)
    0x08000202   0x08000202   0x00000000   Code   RO         5048    .ARM.Collect$$libinit$$00000015  c_w.l(libinit2.o)
    0x08000202   0x08000202   0x00000000   Code   RO         5050    .ARM.Collect$$libinit$$00000017  c_w.l(libinit2.o)
    0x08000202   0x08000202   0x00000000   Code   RO         5052    .ARM.Collect$$libinit$$00000019  c_w.l(libinit2.o)
    0x08000202   0x08000202   0x00000000   Code   RO         5054    .ARM.Collect$$libinit$$0000001B  c_w.l(libinit2.o)
    0x08000202   0x08000202   0x00000000   Code   RO         5056    .ARM.Collect$$libinit$$0000001D  c_w.l(libinit2.o)
    0x08000202   0x08000202   0x00000000   Code   RO         5058    .ARM.Collect$$libinit$$0000001F  c_w.l(libinit2.o)
    0x08000202   0x08000202   0x00000000   Code   RO         5060    .ARM.Collect$$libinit$$00000021  c_w.l(libinit2.o)
    0x08000202   0x08000202   0x00000000   Code   RO         5062    .ARM.Collect$$libinit$$00000023  c_w.l(libinit2.o)
    0x08000202   0x08000202   0x00000000   Code   RO         5064    .ARM.Collect$$libinit$$00000025  c_w.l(libinit2.o)
    0x08000202   0x08000202   0x00000000   Code   RO         5068    .ARM.Collect$$libinit$$0000002C  c_w.l(libinit2.o)
    0x08000202   0x08000202   0x00000000   Code   RO         5070    .ARM.Collect$$libinit$$0000002E  c_w.l(libinit2.o)
    0x08000202   0x08000202   0x00000000   Code   RO         5072    .ARM.Collect$$libinit$$00000030  c_w.l(libinit2.o)
    0x08000202   0x08000202   0x00000000   Code   RO         5074    .ARM.Collect$$libinit$$00000032  c_w.l(libinit2.o)
    0x08000202   0x08000202   0x00000002   Code   RO         5075    .ARM.Collect$$libinit$$00000033  c_w.l(libinit2.o)
    0x08000204   0x08000204   0x00000002   Code   RO         5106    .ARM.Collect$$libshutdown$$00000000  c_w.l(libshutdown.o)
    0x08000206   0x08000206   0x00000000   Code   RO         5132    .ARM.Collect$$libshutdown$$00000002  c_w.l(libshutdown2.o)
    0x08000206   0x08000206   0x00000000   Code   RO         5134    .ARM.Collect$$libshutdown$$00000004  c_w.l(libshutdown2.o)
    0x08000206   0x08000206   0x00000000   Code   RO         5136    .ARM.Collect$$libshutdown$$00000006  c_w.l(libshutdown2.o)
    0x08000206   0x08000206   0x00000000   Code   RO         5139    .ARM.Collect$$libshutdown$$00000009  c_w.l(libshutdown2.o)
    0x08000206   0x08000206   0x00000000   Code   RO         5142    .ARM.Collect$$libshutdown$$0000000C  c_w.l(libshutdown2.o)
    0x08000206   0x08000206   0x00000000   Code   RO         5144    .ARM.Collect$$libshutdown$$0000000E  c_w.l(libshutdown2.o)
    0x08000206   0x08000206   0x00000000   Code   RO         5147    .ARM.Collect$$libshutdown$$00000011  c_w.l(libshutdown2.o)
    0x08000206   0x08000206   0x00000002   Code   RO         5148    .ARM.Collect$$libshutdown$$00000012  c_w.l(libshutdown2.o)
    0x08000208   0x08000208   0x00000000   Code   RO         4975    .ARM.Collect$$rtentry$$00000000  c_w.l(__rtentry.o)
    0x08000208   0x08000208   0x00000000   Code   RO         4986    .ARM.Collect$$rtentry$$00000002  c_w.l(__rtentry2.o)
    0x08000208   0x08000208   0x00000006   Code   RO         4998    .ARM.Collect$$rtentry$$00000004  c_w.l(__rtentry4.o)
    0x0800020e   0x0800020e   0x00000000   Code   RO         4988    .ARM.Collect$$rtentry$$00000009  c_w.l(__rtentry2.o)
    0x0800020e   0x0800020e   0x00000004   Code   RO         4989    .ARM.Collect$$rtentry$$0000000A  c_w.l(__rtentry2.o)
    0x08000212   0x08000212   0x00000000   Code   RO         4991    .ARM.Collect$$rtentry$$0000000C  c_w.l(__rtentry2.o)
    0x08000212   0x08000212   0x00000008   Code   RO         4992    .ARM.Collect$$rtentry$$0000000D  c_w.l(__rtentry2.o)
    0x0800021a   0x0800021a   0x00000002   Code   RO         5023    .ARM.Collect$$rtexit$$00000000  c_w.l(rtexit.o)
    0x0800021c   0x0800021c   0x00000000   Code   RO         5079    .ARM.Collect$$rtexit$$00000002  c_w.l(rtexit2.o)
    0x0800021c   0x0800021c   0x00000004   Code   RO         5080    .ARM.Collect$$rtexit$$00000003  c_w.l(rtexit2.o)
    0x08000220   0x08000220   0x00000006   Code   RO         5081    .ARM.Collect$$rtexit$$00000004  c_w.l(rtexit2.o)
    0x08000226   0x08000226   0x00000002   PAD
    0x08000228   0x08000228   0x00000040   Code   RO            4    .text               startup_stm32f334x8.o
    0x08000268   0x08000268   0x000000ee   Code   RO         4957    .text               c_w.l(lludivv7m.o)
    0x08000356   0x08000356   0x0000004e   Code   RO         4961    .text               c_w.l(rt_memclr_w.o)
    0x080003a4   0x080003a4   0x00000006   Code   RO         4963    .text               c_w.l(heapauxi.o)
    0x080003aa   0x080003aa   0x0000004a   Code   RO         5006    .text               c_w.l(sys_stackheap_outer.o)
    0x080003f4   0x080003f4   0x00000012   Code   RO         5008    .text               c_w.l(exit.o)
    0x08000406   0x08000406   0x00000002   PAD
    0x08000408   0x08000408   0x00000008   Code   RO         5020    .text               c_w.l(libspace.o)
    0x08000410   0x08000410   0x0000000c   Code   RO         5076    .text               c_w.l(sys_exit.o)
    0x0800041c   0x0800041c   0x00000002   Code   RO         5095    .text               c_w.l(use_no_semi.o)
    0x0800041e   0x0800041e   0x00000000   Code   RO         5097    .text               c_w.l(indicate_semi.o)
    0x0800041e   0x0800041e   0x00000002   PAD
    0x08000420   0x08000420   0x00000320   Code   RO         4624    ccmram              bsp_adc.o
    0x08000740   0x08000740   0x0000004e   Code   RO          775    i.ADC_DMAConvCplt   stm32f3xx_hal_adc_ex.o
    0x0800078e   0x0800078e   0x0000001e   Code   RO          776    i.ADC_DMAError      stm32f3xx_hal_adc_ex.o
    0x080007ac   0x080007ac   0x0000000e   Code   RO          777    i.ADC_DMAHalfConvCplt  stm32f3xx_hal_adc_ex.o
    0x080007ba   0x080007ba   0x000000a2   Code   RO          778    i.ADC_Disable       stm32f3xx_hal_adc_ex.o
    0x0800085c   0x0800085c   0x0000009c   Code   RO          779    i.ADC_Enable        stm32f3xx_hal_adc_ex.o
    0x080008f8   0x080008f8   0x00000004   Code   RO          491    i.BusFault_Handler  stm32f3xx_it.o
    0x080008fc   0x080008fc   0x000000e0   Code   RO         4694    i.CAL_INIT          power_cal.o
    0x080009dc   0x080009dc   0x00000030   Code   RO         4785    i.CANFilter_Config  bsp_can.o
    0x08000a0c   0x08000a0c   0x00000010   Code   RO          492    i.CAN_RX0_IRQHandler  stm32f3xx_it.o
    0x08000a1c   0x08000a1c   0x00000548   Code   RO         4695    i.Ctrloop           power_cal.o
    0x08000f64   0x08000f64   0x0000001c   Code   RO         1424    i.DMA_CalcBaseAndBitshift  stm32f3xx_hal_dma.o
    0x08000f80   0x08000f80   0x0000002c   Code   RO         1425    i.DMA_SetConfig     stm32f3xx_hal_dma.o
    0x08000fac   0x08000fac   0x00000002   Code   RO          493    i.DebugMon_Handler  stm32f3xx_it.o
    0x08000fae   0x08000fae   0x00000006   Code   RO           13    i.Error_Handler     main.o
    0x08000fb4   0x08000fb4   0x0000013c   Code   RO          794    i.HAL_ADCEx_MultiModeConfigChannel  stm32f3xx_hal_adc_ex.o
    0x080010f0   0x080010f0   0x0000041c   Code   RO          803    i.HAL_ADC_ConfigChannel  stm32f3xx_hal_adc_ex.o
    0x0800150c   0x0800150c   0x00000002   Code   RO          626    i.HAL_ADC_ConvCpltCallback  stm32f3xx_hal_adc.o
    0x0800150e   0x0800150e   0x00000002   Code   RO          627    i.HAL_ADC_ConvHalfCpltCallback  stm32f3xx_hal_adc.o
    0x08001510   0x08001510   0x00000002   Code   RO          629    i.HAL_ADC_ErrorCallback  stm32f3xx_hal_adc.o
    0x08001512   0x08001512   0x00000002   PAD
    0x08001514   0x08001514   0x00000254   Code   RO          807    i.HAL_ADC_Init      stm32f3xx_hal_adc_ex.o
    0x08001768   0x08001768   0x0000016c   Code   RO          233    i.HAL_ADC_MspInit   adc.o
    0x080018d4   0x080018d4   0x00000168   Code   RO          811    i.HAL_ADC_Start_DMA  stm32f3xx_hal_adc_ex.o
    0x08001a3c   0x08001a3c   0x0000002a   Code   RO         2592    i.HAL_CAN_ActivateNotification  stm32f3xx_hal_can.o
    0x08001a66   0x08001a66   0x0000014a   Code   RO         2593    i.HAL_CAN_AddTxMessage  stm32f3xx_hal_can.o
    0x08001bb0   0x08001bb0   0x0000010a   Code   RO         2594    i.HAL_CAN_ConfigFilter  stm32f3xx_hal_can.o
    0x08001cba   0x08001cba   0x00000002   Code   RO         2597    i.HAL_CAN_ErrorCallback  stm32f3xx_hal_can.o
    0x08001cbc   0x08001cbc   0x00000194   Code   RO         2600    i.HAL_CAN_GetRxMessage  stm32f3xx_hal_can.o
    0x08001e50   0x08001e50   0x0000024e   Code   RO         2604    i.HAL_CAN_IRQHandler  stm32f3xx_hal_can.o
    0x0800209e   0x0800209e   0x00000174   Code   RO         2605    i.HAL_CAN_Init      stm32f3xx_hal_can.o
    0x08002212   0x08002212   0x00000002   PAD
    0x08002214   0x08002214   0x0000008c   Code   RO          282    i.HAL_CAN_MspInit   can.o
    0x080022a0   0x080022a0   0x00000002   Code   RO         2612    i.HAL_CAN_RxFifo0FullCallback  stm32f3xx_hal_can.o
    0x080022a2   0x080022a2   0x00000002   PAD
    0x080022a4   0x080022a4   0x0000006c   Code   RO         4786    i.HAL_CAN_RxFifo0MsgPendingCallback  bsp_can.o
    0x08002310   0x08002310   0x00000002   Code   RO         2614    i.HAL_CAN_RxFifo1FullCallback  stm32f3xx_hal_can.o
    0x08002312   0x08002312   0x00000002   Code   RO         2615    i.HAL_CAN_RxFifo1MsgPendingCallback  stm32f3xx_hal_can.o
    0x08002314   0x08002314   0x00000002   Code   RO         2616    i.HAL_CAN_SleepCallback  stm32f3xx_hal_can.o
    0x08002316   0x08002316   0x0000005e   Code   RO         2617    i.HAL_CAN_Start     stm32f3xx_hal_can.o
    0x08002374   0x08002374   0x00000002   Code   RO         2619    i.HAL_CAN_TxMailbox0AbortCallback  stm32f3xx_hal_can.o
    0x08002376   0x08002376   0x00000002   Code   RO         2620    i.HAL_CAN_TxMailbox0CompleteCallback  stm32f3xx_hal_can.o
    0x08002378   0x08002378   0x00000002   Code   RO         2621    i.HAL_CAN_TxMailbox1AbortCallback  stm32f3xx_hal_can.o
    0x0800237a   0x0800237a   0x00000002   Code   RO         2622    i.HAL_CAN_TxMailbox1CompleteCallback  stm32f3xx_hal_can.o
    0x0800237c   0x0800237c   0x00000002   Code   RO         2623    i.HAL_CAN_TxMailbox2AbortCallback  stm32f3xx_hal_can.o
    0x0800237e   0x0800237e   0x00000002   Code   RO         2624    i.HAL_CAN_TxMailbox2CompleteCallback  stm32f3xx_hal_can.o
    0x08002380   0x08002380   0x00000002   Code   RO         2626    i.HAL_CAN_WakeUpFromRxMsgCallback  stm32f3xx_hal_can.o
    0x08002382   0x08002382   0x00000056   Code   RO         1432    i.HAL_DMA_Init      stm32f3xx_hal_dma.o
    0x080023d8   0x080023d8   0x0000009c   Code   RO         1436    i.HAL_DMA_Start_IT  stm32f3xx_hal_dma.o
    0x08002474   0x08002474   0x00000028   Code   RO         1045    i.HAL_Delay         stm32f3xx_hal.o
    0x0800249c   0x0800249c   0x000001b0   Code   RO         1361    i.HAL_GPIO_Init     stm32f3xx_hal_gpio.o
    0x0800264c   0x0800264c   0x00000014   Code   RO         1364    i.HAL_GPIO_TogglePin  stm32f3xx_hal_gpio.o
    0x08002660   0x08002660   0x0000000a   Code   RO         1365    i.HAL_GPIO_WritePin  stm32f3xx_hal_gpio.o
    0x0800266a   0x0800266a   0x00000002   PAD
    0x0800266c   0x0800266c   0x0000000c   Code   RO         1049    i.HAL_GetTick       stm32f3xx_hal.o
    0x08002678   0x08002678   0x000000e2   Code   RO         2826    i.HAL_HRTIM_ADCTriggerConfig  stm32f3xx_hal_hrtim.o
    0x0800275a   0x0800275a   0x00000002   Code   RO         2832    i.HAL_HRTIM_BurstModePeriodCallback  stm32f3xx_hal_hrtim.o
    0x0800275c   0x0800275c   0x00000002   Code   RO         2834    i.HAL_HRTIM_Capture1EventCallback  stm32f3xx_hal_hrtim.o
    0x0800275e   0x0800275e   0x00000002   Code   RO         2835    i.HAL_HRTIM_Capture2EventCallback  stm32f3xx_hal_hrtim.o
    0x08002760   0x08002760   0x00000002   Code   RO         2837    i.HAL_HRTIM_Compare1EventCallback  stm32f3xx_hal_hrtim.o
    0x08002762   0x08002762   0x00000002   Code   RO         2838    i.HAL_HRTIM_Compare2EventCallback  stm32f3xx_hal_hrtim.o
    0x08002764   0x08002764   0x00000002   Code   RO         2839    i.HAL_HRTIM_Compare3EventCallback  stm32f3xx_hal_hrtim.o
    0x08002766   0x08002766   0x00000002   Code   RO         2840    i.HAL_HRTIM_Compare4EventCallback  stm32f3xx_hal_hrtim.o
    0x08002768   0x08002768   0x00000002   Code   RO         2841    i.HAL_HRTIM_CounterResetCallback  stm32f3xx_hal_hrtim.o
    0x0800276a   0x0800276a   0x00000002   Code   RO         2842    i.HAL_HRTIM_DLLCalibrationReadyCallback  stm32f3xx_hal_hrtim.o
    0x0800276c   0x0800276c   0x00000080   Code   RO         2843    i.HAL_HRTIM_DLLCalibrationStart  stm32f3xx_hal_hrtim.o
    0x080027ec   0x080027ec   0x000000ac   Code   RO         2846    i.HAL_HRTIM_DeadTimeConfig  stm32f3xx_hal_hrtim.o
    0x08002898   0x08002898   0x00000002   Code   RO         2847    i.HAL_HRTIM_DelayedProtectionCallback  stm32f3xx_hal_hrtim.o
    0x0800289a   0x0800289a   0x00000002   Code   RO         2851    i.HAL_HRTIM_Fault1Callback  stm32f3xx_hal_hrtim.o
    0x0800289c   0x0800289c   0x00000002   Code   RO         2852    i.HAL_HRTIM_Fault2Callback  stm32f3xx_hal_hrtim.o
    0x0800289e   0x0800289e   0x00000002   Code   RO         2853    i.HAL_HRTIM_Fault3Callback  stm32f3xx_hal_hrtim.o
    0x080028a0   0x080028a0   0x00000002   Code   RO         2854    i.HAL_HRTIM_Fault4Callback  stm32f3xx_hal_hrtim.o
    0x080028a2   0x080028a2   0x00000002   Code   RO         2855    i.HAL_HRTIM_Fault5Callback  stm32f3xx_hal_hrtim.o
    0x080028a4   0x080028a4   0x00000028   Code   RO         2865    i.HAL_HRTIM_IRQHandler  stm32f3xx_hal_hrtim.o
    0x080028cc   0x080028cc   0x00000108   Code   RO         2866    i.HAL_HRTIM_Init    stm32f3xx_hal_hrtim.o
    0x080029d4   0x080029d4   0x00000044   Code   RO          348    i.HAL_HRTIM_MspInit  hrtim.o
    0x08002a18   0x08002a18   0x00000060   Code   RO          349    i.HAL_HRTIM_MspPostInit  hrtim.o
    0x08002a78   0x08002a78   0x00000002   Code   RO         2869    i.HAL_HRTIM_Output1ResetCallback  stm32f3xx_hal_hrtim.o
    0x08002a7a   0x08002a7a   0x00000002   Code   RO         2870    i.HAL_HRTIM_Output1SetCallback  stm32f3xx_hal_hrtim.o
    0x08002a7c   0x08002a7c   0x00000002   Code   RO         2871    i.HAL_HRTIM_Output2ResetCallback  stm32f3xx_hal_hrtim.o
    0x08002a7e   0x08002a7e   0x00000002   Code   RO         2872    i.HAL_HRTIM_Output2SetCallback  stm32f3xx_hal_hrtim.o
    0x08002a80   0x08002a80   0x0000004a   Code   RO         2873    i.HAL_HRTIM_PollForDLLCalibration  stm32f3xx_hal_hrtim.o
    0x08002aca   0x08002aca   0x00000002   Code   RO         2874    i.HAL_HRTIM_RegistersUpdateCallback  stm32f3xx_hal_hrtim.o
    0x08002acc   0x08002acc   0x00000002   Code   RO         2875    i.HAL_HRTIM_RepetitionEventCallback  stm32f3xx_hal_hrtim.o
    0x08002ace   0x08002ace   0x00000002   Code   RO         2911    i.HAL_HRTIM_SynchronizationEventCallback  stm32f3xx_hal_hrtim.o
    0x08002ad0   0x08002ad0   0x00000002   Code   RO         2912    i.HAL_HRTIM_SystemFaultCallback  stm32f3xx_hal_hrtim.o
    0x08002ad2   0x08002ad2   0x0000003a   Code   RO         2913    i.HAL_HRTIM_TimeBaseConfig  stm32f3xx_hal_hrtim.o
    0x08002b0c   0x08002b0c   0x000001f8   Code   RO         2918    i.HAL_HRTIM_WaveformCompareConfig  stm32f3xx_hal_hrtim.o
    0x08002d04   0x08002d04   0x0000003c   Code   RO         2919    i.HAL_HRTIM_WaveformCountStart  stm32f3xx_hal_hrtim.o
    0x08002d40   0x08002d40   0x00000054   Code   RO         2927    i.HAL_HRTIM_WaveformOutputConfig  stm32f3xx_hal_hrtim.o
    0x08002d94   0x08002d94   0x00000040   Code   RO         2928    i.HAL_HRTIM_WaveformOutputStart  stm32f3xx_hal_hrtim.o
    0x08002dd4   0x08002dd4   0x00000040   Code   RO         2929    i.HAL_HRTIM_WaveformOutputStop  stm32f3xx_hal_hrtim.o
    0x08002e14   0x08002e14   0x000000b2   Code   RO         2931    i.HAL_HRTIM_WaveformTimerConfig  stm32f3xx_hal_hrtim.o
    0x08002ec6   0x08002ec6   0x0000006a   Code   RO         2465    i.HAL_I2CEx_ConfigAnalogFilter  stm32f3xx_hal_i2c_ex.o
    0x08002f30   0x08002f30   0x00000068   Code   RO         2466    i.HAL_I2CEx_ConfigDigitalFilter  stm32f3xx_hal_i2c_ex.o
    0x08002f98   0x08002f98   0x000000d8   Code   RO         2004    i.HAL_I2C_Init      stm32f3xx_hal_i2c.o
    0x08003070   0x08003070   0x00000198   Code   RO         2025    i.HAL_I2C_Mem_Write  stm32f3xx_hal_i2c.o
    0x08003208   0x08003208   0x000000b4   Code   RO          396    i.HAL_I2C_MspInit   i2c.o
    0x080032bc   0x080032bc   0x00000018   Code   RO         1055    i.HAL_IncTick       stm32f3xx_hal.o
    0x080032d4   0x080032d4   0x00000028   Code   RO         1056    i.HAL_Init          stm32f3xx_hal.o
    0x080032fc   0x080032fc   0x0000004c   Code   RO         1057    i.HAL_InitTick      stm32f3xx_hal.o
    0x08003348   0x08003348   0x00000040   Code   RO          600    i.HAL_MspInit       stm32f3xx_hal_msp.o
    0x08003388   0x08003388   0x00000020   Code   RO         1526    i.HAL_NVIC_EnableIRQ  stm32f3xx_hal_cortex.o
    0x080033a8   0x080033a8   0x0000007c   Code   RO         1532    i.HAL_NVIC_SetPriority  stm32f3xx_hal_cortex.o
    0x08003424   0x08003424   0x00000028   Code   RO         1533    i.HAL_NVIC_SetPriorityGrouping  stm32f3xx_hal_cortex.o
    0x0800344c   0x0800344c   0x0000020c   Code   RO         1318    i.HAL_RCCEx_PeriphCLKConfig  stm32f3xx_hal_rcc_ex.o
    0x08003658   0x08003658   0x000002ac   Code   RO         1213    i.HAL_RCC_ClockConfig  stm32f3xx_hal_rcc.o
    0x08003904   0x08003904   0x00000088   Code   RO         1222    i.HAL_RCC_GetSysClockFreq  stm32f3xx_hal_rcc.o
    0x0800398c   0x0800398c   0x00000a24   Code   RO         1225    i.HAL_RCC_OscConfig  stm32f3xx_hal_rcc.o
    0x080043b0   0x080043b0   0x00000034   Code   RO         1537    i.HAL_SYSTICK_Config  stm32f3xx_hal_cortex.o
    0x080043e4   0x080043e4   0x00000002   Code   RO         4308    i.HAL_TIMEx_Break2Callback  stm32f3xx_hal_tim_ex.o
    0x080043e6   0x080043e6   0x00000002   Code   RO         4309    i.HAL_TIMEx_BreakCallback  stm32f3xx_hal_tim_ex.o
    0x080043e8   0x080043e8   0x00000002   Code   RO         4310    i.HAL_TIMEx_CommutCallback  stm32f3xx_hal_tim_ex.o
    0x080043ea   0x080043ea   0x00000002   PAD
    0x080043ec   0x080043ec   0x00000094   Code   RO         4329    i.HAL_TIMEx_MasterConfigSynchronization  stm32f3xx_hal_tim_ex.o
    0x08004480   0x08004480   0x0000006e   Code   RO         3583    i.HAL_TIM_Base_Init  stm32f3xx_hal_tim.o
    0x080044ee   0x080044ee   0x00000002   PAD
    0x080044f0   0x080044f0   0x000000b8   Code   RO          438    i.HAL_TIM_Base_MspInit  tim.o
    0x080045a8   0x080045a8   0x00000084   Code   RO         3588    i.HAL_TIM_Base_Start_IT  stm32f3xx_hal_tim.o
    0x0800462c   0x0800462c   0x00000110   Code   RO         3592    i.HAL_TIM_ConfigClockSource  stm32f3xx_hal_tim.o
    0x0800473c   0x0800473c   0x00000002   Code   RO         3617    i.HAL_TIM_IC_CaptureCallback  stm32f3xx_hal_tim.o
    0x0800473e   0x0800473e   0x0000018c   Code   RO         3631    i.HAL_TIM_IRQHandler  stm32f3xx_hal_tim.o
    0x080048ca   0x080048ca   0x00000002   Code   RO         3634    i.HAL_TIM_OC_DelayElapsedCallback  stm32f3xx_hal_tim.o
    0x080048cc   0x080048cc   0x00000002   Code   RO         3661    i.HAL_TIM_PWM_PulseFinishedCallback  stm32f3xx_hal_tim.o
    0x080048ce   0x080048ce   0x00000002   PAD
    0x080048d0   0x080048d0   0x0000004c   Code   RO           14    i.HAL_TIM_PeriodElapsedCallback  main.o
    0x0800491c   0x0800491c   0x0000006c   Code   RO         3672    i.HAL_TIM_SlaveConfigSynchro  stm32f3xx_hal_tim.o
    0x08004988   0x08004988   0x00000002   Code   RO         3674    i.HAL_TIM_TriggerCallback  stm32f3xx_hal_tim.o
    0x0800498a   0x0800498a   0x00000002   PAD
    0x0800498c   0x0800498c   0x00000010   Code   RO          494    i.HRTIM1_TIMA_IRQHandler  stm32f3xx_it.o
    0x0800499c   0x0800499c   0x00000080   Code   RO         2938    i.HRTIM_ForceRegistersUpdate  stm32f3xx_hal_hrtim.o
    0x08004a1c   0x08004a1c   0x000000ae   Code   RO         2942    i.HRTIM_HRTIM_ISR   stm32f3xx_hal_hrtim.o
    0x08004aca   0x08004aca   0x00000028   Code   RO         2943    i.HRTIM_MasterBase_Config  stm32f3xx_hal_hrtim.o
    0x08004af2   0x08004af2   0x0000005c   Code   RO         2944    i.HRTIM_MasterWaveform_Config  stm32f3xx_hal_hrtim.o
    0x08004b4e   0x08004b4e   0x0000011a   Code   RO         2945    i.HRTIM_Master_ISR  stm32f3xx_hal_hrtim.o
    0x08004c68   0x08004c68   0x000000f2   Code   RO         2946    i.HRTIM_OutputConfig  stm32f3xx_hal_hrtim.o
    0x08004d5a   0x08004d5a   0x000001ee   Code   RO         2948    i.HRTIM_Timer_ISR   stm32f3xx_hal_hrtim.o
    0x08004f48   0x08004f48   0x00000040   Code   RO         2949    i.HRTIM_TimingUnitBase_Config  stm32f3xx_hal_hrtim.o
    0x08004f88   0x08004f88   0x000001e2   Code   RO         2950    i.HRTIM_TimingUnitWaveform_Config  stm32f3xx_hal_hrtim.o
    0x0800516a   0x0800516a   0x00000004   Code   RO          495    i.HardFault_Handler  stm32f3xx_it.o
    0x0800516e   0x0800516e   0x00000028   Code   RO         2051    i.I2C_Flush_TXDR    stm32f3xx_hal_i2c.o
    0x08005196   0x08005196   0x00000002   PAD
    0x08005198   0x08005198   0x00000130   Code   RO         2059    i.I2C_IsErrorOccurred  stm32f3xx_hal_i2c.o
    0x080052c8   0x080052c8   0x0000007c   Code   RO         2065    i.I2C_RequestMemoryWrite  stm32f3xx_hal_i2c.o
    0x08005344   0x08005344   0x00000038   Code   RO         2068    i.I2C_TransferConfig  stm32f3xx_hal_i2c.o
    0x0800537c   0x0800537c   0x00000082   Code   RO         2070    i.I2C_WaitOnFlagUntilTimeout  stm32f3xx_hal_i2c.o
    0x080053fe   0x080053fe   0x00000060   Code   RO         2072    i.I2C_WaitOnSTOPFlagUntilTimeout  stm32f3xx_hal_i2c.o
    0x0800545e   0x0800545e   0x00000064   Code   RO         2073    i.I2C_WaitOnTXISFlagUntilTimeout  stm32f3xx_hal_i2c.o
    0x080054c2   0x080054c2   0x00000002   PAD
    0x080054c4   0x080054c4   0x000000dc   Code   RO         4696    i.LED_state_check   power_cal.o
    0x080055a0   0x080055a0   0x000000dc   Code   RO          234    i.MX_ADC1_Init      adc.o
    0x0800567c   0x0800567c   0x0000009c   Code   RO          235    i.MX_ADC2_Init      adc.o
    0x08005718   0x08005718   0x00000044   Code   RO          283    i.MX_CAN_Init       can.o
    0x0800575c   0x0800575c   0x00000024   Code   RO          323    i.MX_DMA_Init       dma.o
    0x08005780   0x08005780   0x0000008c   Code   RO          208    i.MX_GPIO_Init      gpio.o
    0x0800580c   0x0800580c   0x000002d4   Code   RO          350    i.MX_HRTIM1_Init    hrtim.o
    0x08005ae0   0x08005ae0   0x00000058   Code   RO          397    i.MX_I2C1_Init      i2c.o
    0x08005b38   0x08005b38   0x000000a0   Code   RO         4834    i.MX_OLED_Init      oled.o
    0x08005bd8   0x08005bd8   0x0000008c   Code   RO          439    i.MX_TIM3_Init      tim.o
    0x08005c64   0x08005c64   0x00000050   Code   RO          440    i.MX_TIM6_Init      tim.o
    0x08005cb4   0x08005cb4   0x0000004c   Code   RO          441    i.MX_TIM7_Init      tim.o
    0x08005d00   0x08005d00   0x00000004   Code   RO          496    i.MemManage_Handler  stm32f3xx_it.o
    0x08005d04   0x08005d04   0x00000004   Code   RO          497    i.NMI_Handler       stm32f3xx_it.o
    0x08005d08   0x08005d08   0x00000010   Code   RO         4836    i.OLED_CLS          oled.o
    0x08005d18   0x08005d18   0x0000003a   Code   RO         4838    i.OLED_Fill         oled.o
    0x08005d52   0x08005d52   0x000000b8   Code   RO         4839    i.OLED_Init         oled.o
    0x08005e0a   0x08005e0a   0x00000016   Code   RO         4841    i.OLED_ON           oled.o
    0x08005e20   0x08005e20   0x00000028   Code   RO         4842    i.OLED_SetPos       oled.o
    0x08005e48   0x08005e48   0x000000ec   Code   RO         4846    i.OLED_ShowStr      oled.o
    0x08005f34   0x08005f34   0x00000002   Code   RO          498    i.PendSV_Handler    stm32f3xx_it.o
    0x08005f36   0x08005f36   0x00000002   Code   RO          499    i.SVC_Handler       stm32f3xx_it.o
    0x08005f38   0x08005f38   0x000000c0   Code   RO         4787    i.Send_Cap_Data     bsp_can.o
    0x08005ff8   0x08005ff8   0x00000008   Code   RO          500    i.SysTick_Handler   stm32f3xx_it.o
    0x08006000   0x08006000   0x0000008e   Code   RO           15    i.SystemClock_Config  main.o
    0x0800608e   0x0800608e   0x00000002   PAD
    0x08006090   0x08006090   0x00000014   Code   RO         4588    i.SystemInit        system_stm32f3xx.o
    0x080060a4   0x080060a4   0x00000010   Code   RO          501    i.TIM3_IRQHandler   stm32f3xx_it.o
    0x080060b4   0x080060b4   0x00000010   Code   RO          502    i.TIM6_DAC1_IRQHandler  stm32f3xx_it.o
    0x080060c4   0x080060c4   0x00000010   Code   RO          503    i.TIM7_DAC2_IRQHandler  stm32f3xx_it.o
    0x080060d4   0x080060d4   0x000000a4   Code   RO         3676    i.TIM_Base_SetConfig  stm32f3xx_hal_tim.o
    0x08006178   0x08006178   0x00000016   Code   RO         3687    i.TIM_ETR_SetConfig  stm32f3xx_hal_tim.o
    0x0800618e   0x0800618e   0x00000012   Code   RO         3688    i.TIM_ITRx_SetConfig  stm32f3xx_hal_tim.o
    0x080061a0   0x080061a0   0x000000b8   Code   RO         3695    i.TIM_SlaveTimer_SetConfig  stm32f3xx_hal_tim.o
    0x08006258   0x08006258   0x00000026   Code   RO         3696    i.TIM_TI1_ConfigInputStage  stm32f3xx_hal_tim.o
    0x0800627e   0x0800627e   0x00000028   Code   RO         3698    i.TIM_TI2_ConfigInputStage  stm32f3xx_hal_tim.o
    0x080062a6   0x080062a6   0x00000004   Code   RO          504    i.UsageFault_Handler  stm32f3xx_it.o
    0x080062aa   0x080062aa   0x00000002   PAD
    0x080062ac   0x080062ac   0x00000024   Code   RO         4847    i.WriteCmd          oled.o
    0x080062d0   0x080062d0   0x00000024   Code   RO         4848    i.WriteDat          oled.o
    0x080062f4   0x080062f4   0x00000010   Code   RO         1539    i.__NVIC_GetPriorityGrouping  stm32f3xx_hal_cortex.o
    0x08006304   0x08006304   0x00000028   Code   RO         1540    i.__NVIC_SetPriority  stm32f3xx_hal_cortex.o
    0x0800632c   0x0800632c   0x0000019c   Code   RO           16    i.main              main.o
    0x080064c8   0x080064c8   0x00000146   Code   RO         4748    i.pid_calculate     pid2.o
    0x0800660e   0x0800660e   0x0000001c   Code   RO         4749    i.pid_init          pid2.o
    0x0800662a   0x0800662a   0x00000002   PAD
    0x0800662c   0x0800662c   0x00000030   Code   RO         4750    i.pid_reset         pid2.o
    0x0800665c   0x0800665c   0x0000000a   Code   RO         5091    x$fpl$fpinit        fz_wm.l(fpinit.o)
    0x08006666   0x08006666   0x00000020   Data   RO         1226    .constdata          stm32f3xx_hal_rcc.o
    0x08006686   0x08006686   0x00000018   Data   RO         4589    .constdata          system_stm32f3xx.o
    0x0800669e   0x0800669e   0x00000818   Data   RO         4850    .constdata          oled.o
    0x08006eb6   0x08006eb6   0x00000002   PAD
    0x08006eb8   0x08006eb8   0x00000020   Data   RO         5149    Region$$Table       anon$$obj.o


    Execution Region RW_IRAM2 (Exec base: 0x10000000, Load base: 0x08006fd8, Size: 0x00000000, Max: 0x00001000, ABSOLUTE)

    **** No section assigned to this execution region ****


    Execution Region RW_IRAM1 (Exec base: 0x20000000, Load base: 0x08006ed8, Size: 0x00000c10, Max: 0x00003000, ABSOLUTE)

    Exec Addr    Load Addr    Size         Type   Attr      Idx    E Section Name        Object

    0x20000000   0x08006ed8   0x00000008   Data   RW           17    .data               main.o
    0x20000008   0x08006ee0   0x00000004   Data   RW          237    .data               adc.o
    0x2000000c   0x08006ee4   0x00000009   Data   RW         1063    .data               stm32f3xx_hal.o
    0x20000015   0x08006eed   0x00000003   PAD
    0x20000018   0x08006ef0   0x00000004   Data   RW         4590    .data               system_stm32f3xx.o
    0x2000001c   0x08006ef4   0x0000006c   Data   RW         4628    .data               bsp_adc.o
    0x20000088   0x08006f60   0x00000040   Data   RW         4699    .data               power_cal.o
    0x200000c8   0x08006fa0   0x00000038   Data   RW         4789    .data               bsp_can.o
    0x20000100        -       0x00000128   Zero   RW          236    .bss                adc.o
    0x20000228        -       0x00000028   Zero   RW          284    .bss                can.o
    0x20000250        -       0x000000dc   Zero   RW          351    .bss                hrtim.o
    0x2000032c        -       0x00000054   Zero   RW          398    .bss                i2c.o
    0x20000380        -       0x000000e4   Zero   RW          442    .bss                tim.o
    0x20000464        -       0x000000f0   Zero   RW         4698    .bss                power_cal.o
    0x20000554        -       0x00000058   Zero   RW         4788    .bss                bsp_can.o
    0x200005ac        -       0x00000060   Zero   RW         5021    .bss                c_w.l(libspace.o)
    0x2000060c   0x08006fd8   0x00000004   PAD
    0x20000610        -       0x00000200   Zero   RW            2    HEAP                startup_stm32f334x8.o
    0x20000810        -       0x00000400   Zero   RW            1    STACK               startup_stm32f334x8.o


==============================================================================

Image component sizes


      Code (inc. data)   RO Data    RW Data    ZI Data      Debug   Object Name

       740         40          0          4        296       3258   adc.o
       800        110          0        108          0       2600   bsp_adc.o
       348         68          0         56         88       4320   bsp_can.o
       208         24          0          0         40       1983   can.o
        36          4          0          0          0        914   dma.o
       140          8          0          0          0       1079   gpio.o
       888         30          0          0        220       3311   hrtim.o
       268         26          0          0         84       2057   i2c.o
       636         92          0          8          0     774309   main.o
       788         64       2072          0          0       6572   oled.o
       402          4          0          0          0       3075   pid2.o
      1796        244          0         64        240       4175   power_cal.o
        64         26        392          0       1536        896   startup_stm32f334x8.o
       192         36          0          9          0      15825   stm32f3xx_hal.o
         6          0          0          0          0       2430   stm32f3xx_hal_adc.o
      2764         76          0          0          0       9606   stm32f3xx_hal_adc_ex.o
      2122          0          0          0          0      15979   stm32f3xx_hal_can.o
       304         22          0          0          0      33319   stm32f3xx_hal_cortex.o
       314          4          0          0          0       3650   stm32f3xx_hal_dma.o
       462         24          0          0          0       3005   stm32f3xx_hal_gpio.o
      3960         30          0          0          0      37353   stm32f3xx_hal_hrtim.o
      1474         20          0          0          0      10451   stm32f3xx_hal_i2c.o
       210          0          0          0          0       2187   stm32f3xx_hal_i2c_ex.o
        64          6          0          0          0       1010   stm32f3xx_hal_msp.o
      3416         78         32          0          0       5024   stm32f3xx_hal_rcc.o
       524         12          0          0          0       1640   stm32f3xx_hal_rcc_ex.o
      1492         56          0          0          0      12884   stm32f3xx_hal_tim.o
       154         14          0          0          0       3512   stm32f3xx_hal_tim_ex.o
       114         28          0          0          0       7848   stm32f3xx_it.o
        20          6         24          4          0       1367   system_stm32f3xx.o
       480         46          0          0        228       3460   tim.o

    ----------------------------------------------------------------------
     25212       1198       2554        256       2732     979099   Object Totals
         0          0         32          0          0          0   (incl. Generated)
        26          0          2          3          0          0   (incl. Padding)

    ----------------------------------------------------------------------

      Code (inc. data)   RO Data    RW Data    ZI Data      Debug   Library Member Name

         8          0          0          0          0         68   __main.o
         0          0          0          0          0          0   __rtentry.o
        12          0          0          0          0          0   __rtentry2.o
         6          0          0          0          0          0   __rtentry4.o
        52          8          0          0          0          0   __scatter.o
        26          0          0          0          0          0   __scatter_copy.o
        28          0          0          0          0          0   __scatter_zi.o
        18          0          0          0          0         80   exit.o
         6          0          0          0          0        152   heapauxi.o
         0          0          0          0          0          0   indicate_semi.o
         2          0          0          0          0          0   libinit.o
         6          0          0          0          0          0   libinit2.o
         2          0          0          0          0          0   libshutdown.o
         2          0          0          0          0          0   libshutdown2.o
         8          4          0          0         96         68   libspace.o
       238          0          0          0          0        100   lludivv7m.o
        78          0          0          0          0         80   rt_memclr_w.o
         2          0          0          0          0          0   rtexit.o
        10          0          0          0          0          0   rtexit2.o
        12          4          0          0          0         68   sys_exit.o
        74          0          0          0          0         80   sys_stackheap_outer.o
         2          0          0          0          0         68   use_no_semi.o
        10          0          0          0          0        116   fpinit.o

    ----------------------------------------------------------------------
       610         16          0          0        100        880   Library Totals
         8          0          0          0          4          0   (incl. Padding)

    ----------------------------------------------------------------------

      Code (inc. data)   RO Data    RW Data    ZI Data      Debug   Library Name

       592         16          0          0         96        764   c_w.l
        10          0          0          0          0        116   fz_wm.l

    ----------------------------------------------------------------------
       610         16          0          0        100        880   Library Totals

    ----------------------------------------------------------------------

==============================================================================


      Code (inc. data)   RO Data    RW Data    ZI Data      Debug   

     25822       1214       2554        256       2832     962319   Grand Totals
     25822       1214       2554        256       2832     962319   ELF Image Totals
     25822       1214       2554        256          0          0   ROM Totals

==============================================================================

    Total RO  Size (Code + RO Data)                28376 (  27.71kB)
    Total RW  Size (RW Data + ZI Data)              3088 (   3.02kB)
    Total ROM Size (Code + RO Data + RW Data)      28632 (  27.96kB)

==============================================================================

